#-----------------------------------------------------------
# Vivado v2018.2 (64-bit)
# SW Build 2258646 on Thu Jun 14 20:03:12 MDT 2018
# IP Build 2256618 on Thu Jun 14 22:10:49 MDT 2018
# Start of session at: Wed Oct  1 11:37:53 2025
# Process ID: 12840
# Current directory: C:/My-Work/NUS/Y2S1/EE2026/Project/Basic-Tasks/FDP
# Command line: vivado.exe -gui_launcher_event rodinguilauncherevent7928 C:\My-Work\NUS\Y2S1\EE2026\Project\Basic-Tasks\FDP\FDP.xpr
# Log file: C:/My-Work/NUS/Y2S1/EE2026/Project/Basic-Tasks/FDP/vivado.log
# Journal file: C:/My-Work/NUS/Y2S1/EE2026/Project/Basic-Tasks/FDP\vivado.jou
#-----------------------------------------------------------
start_gui
open_project C:/My-Work/NUS/Y2S1/EE2026/Project/Basic-Tasks/FDP/FDP.xpr
update_compile_order -fileset sources_1
open_hw
connect_hw_server
open_hw_target
set_property PROGRAM.FILE {C:/My-Work/NUS/Y2S1/EE2026/Project/Basic-Tasks/FDP/FDP.runs/impl_1/Top_Student.bit} [get_hw_devices xc7a35t_0]
current_hw_device [get_hw_devices xc7a35t_0]
refresh_hw_device -update_hw_probes false [lindex [get_hw_devices xc7a35t_0] 0]
set_property PROBES.FILE {} [get_hw_devices xc7a35t_0]
set_property FULL_PROBES.FILE {} [get_hw_devices xc7a35t_0]
set_property PROGRAM.FILE {C:/My-Work/NUS/Y2S1/EE2026/Project/Basic-Tasks/FDP/FDP.runs/impl_1/Top_Student.bit} [get_hw_devices xc7a35t_0]
program_hw_devices [get_hw_devices xc7a35t_0]
refresh_hw_device [lindex [get_hw_devices xc7a35t_0] 0]
archive_project C:/My-Work/NUS/Y2S1/EE2026/Project/Basic-Tasks/student-P-completed.xpr.zip -temp_dir C:/My-Work/NUS/Y2S1/EE2026/Project/Basic-Tasks/FDP/.Xil/Vivado-12840-SWIFT-X-16 -force -include_local_ip_cache
