#-----------------------------------------------------------
# Vivado v2018.2 (64-bit)
# SW Build 2258646 on Thu Jun 14 20:03:12 MDT 2018
# IP Build 2256618 on Thu Jun 14 22:10:49 MDT 2018
# Start of session at: Mon Sep 29 09:15:34 2025
# Process ID: 3076
# Current directory: C:/My-Work/NUS/Y2S1/EE2026/Project/FDP.xpr/FDP
# Command line: vivado.exe -gui_launcher_event rodinguilauncherevent11992 C:\My-Work\NUS\Y2S1\EE2026\Project\FDP.xpr\FDP\FDP.xpr
# Log file: C:/My-Work/NUS/Y2S1/EE2026/Project/FDP.xpr/FDP/vivado.log
# Journal file: C:/My-Work/NUS/Y2S1/EE2026/Project/FDP.xpr/FDP\vivado.jou
#-----------------------------------------------------------
start_gui
open_project C:/My-Work/NUS/Y2S1/EE2026/Project/FDP.xpr/FDP/FDP.xpr
update_compile_order -fileset sources_1
close_project
create_project basic_task_p C:/My-Work/NUS/Y2S1/EE2026/Project/Basic-Tasks/basic_task_p -part xc7a35tcpg236-1
file mkdir C:/My-Work/NUS/Y2S1/EE2026/Project/Basic-Tasks/basic_task_p/basic_task_p.srcs/sources_1/new
close [ open C:/My-Work/NUS/Y2S1/EE2026/Project/Basic-Tasks/basic_task_p/basic_task_p.srcs/sources_1/new/my_task_p_module.v w ]
add_files C:/My-Work/NUS/Y2S1/EE2026/Project/Basic-Tasks/basic_task_p/basic_task_p.srcs/sources_1/new/my_task_p_module.v
update_compile_order -fileset sources_1
close [ open C:/My-Work/NUS/Y2S1/EE2026/Project/Basic-Tasks/basic_task_p/basic_task_p.srcs/sources_1/new/my_pixel_generator_module.v w ]
add_files C:/My-Work/NUS/Y2S1/EE2026/Project/Basic-Tasks/basic_task_p/basic_task_p.srcs/sources_1/new/my_pixel_generator_module.v
update_compile_order -fileset sources_1
close [ open C:/My-Work/NUS/Y2S1/EE2026/Project/Basic-Tasks/basic_task_p/basic_task_p.srcs/sources_1/new/my_digit_pos_module.v w ]
add_files C:/My-Work/NUS/Y2S1/EE2026/Project/Basic-Tasks/basic_task_p/basic_task_p.srcs/sources_1/new/my_digit_pos_module.v
update_compile_order -fileset sources_1
