#-----------------------------------------------------------
# Vivado v2018.2 (64-bit)
# SW Build 2258646 on Thu Jun 14 20:03:12 MDT 2018
# IP Build 2256618 on Thu Jun 14 22:10:49 MDT 2018
# Start of session at: Mon Oct 20 15:22:53 2025
# Process ID: 24508
# Current directory: C:/Users/samue/Desktop/polynomial_working.xpr/FDP
# Command line: vivado.exe -gui_launcher_event rodinguilauncherevent22592 C:\Users\samue\Desktop\polynomial_working.xpr\FDP\FDP.xpr
# Log file: C:/Users/samue/Desktop/polynomial_working.xpr/FDP/vivado.log
# Journal file: C:/Users/samue/Desktop/polynomial_working.xpr/FDP\vivado.jou
#-----------------------------------------------------------
start_gui
open_project C:/Users/samue/Desktop/polynomial_working.xpr/FDP/FDP.xpr
open_hw
connect_hw_server
open_hw_target
set_property PROGRAM.FILE {C:/Users/samue/Desktop/polynomial_working.xpr/FDP/FDP.runs/impl_1/top_top.bit} [get_hw_devices xc7a35t_0]
current_hw_device [get_hw_devices xc7a35t_0]
refresh_hw_device -update_hw_probes false [lindex [get_hw_devices xc7a35t_0] 0]
set_property PROBES.FILE {} [get_hw_devices xc7a35t_0]
set_property FULL_PROBES.FILE {} [get_hw_devices xc7a35t_0]
set_property PROGRAM.FILE {C:/Users/samue/Desktop/polynomial_working.xpr/FDP/FDP.runs/impl_1/top_top.bit} [get_hw_devices xc7a35t_0]
program_hw_devices [get_hw_devices xc7a35t_0]
refresh_hw_device [lindex [get_hw_devices xc7a35t_0] 0]
reset_run synth_1
launch_runs impl_1 -to_step write_bitstream -jobs 10
wait_on_run impl_1
set_property PROBES.FILE {} [get_hw_devices xc7a35t_0]
set_property FULL_PROBES.FILE {} [get_hw_devices xc7a35t_0]
set_property PROGRAM.FILE {C:/Users/samue/Desktop/polynomial_working.xpr/FDP/FDP.runs/impl_1/top_top.bit} [get_hw_devices xc7a35t_0]
program_hw_devices [get_hw_devices xc7a35t_0]
refresh_hw_device [lindex [get_hw_devices xc7a35t_0] 0]
set_property is_enabled false [get_files  C:/Users/samue/Desktop/polynomial_working.xpr/FDP/FDP.srcs/sources_1/new/x_value_generator.v]
set_property is_enabled false [get_files  C:/Users/samue/Desktop/polynomial_working.xpr/FDP/FDP.srcs/sources_1/new/y_output_module.v]
set_property is_enabled false [get_files  {C:/Users/samue/Desktop/polynomial_working.xpr/FDP/FDP.srcs/sources_1/new/cosine_function.v C:/Users/samue/Desktop/polynomial_working.xpr/FDP/FDP.srcs/sources_1/new/sine_function.v C:/Users/samue/Desktop/polynomial_working.xpr/FDP/FDP.srcs/sources_1/new/polynomial_engine.v}]
set_property is_enabled false [get_files  C:/Users/samue/Desktop/polynomial_working.xpr/FDP/FDP.srcs/sources_1/new/sin_q14_lut_64.v]
close [ open C:/Users/samue/Desktop/polynomial_working.xpr/FDP/FDP.srcs/sources_1/new/cos_lut.v w ]
add_files C:/Users/samue/Desktop/polynomial_working.xpr/FDP/FDP.srcs/sources_1/new/cos_lut.v
reset_run synth_1
launch_runs impl_1 -to_step write_bitstream -jobs 10
wait_on_run impl_1
set_property PROBES.FILE {} [get_hw_devices xc7a35t_0]
set_property FULL_PROBES.FILE {} [get_hw_devices xc7a35t_0]
set_property PROGRAM.FILE {C:/Users/samue/Desktop/polynomial_working.xpr/FDP/FDP.runs/impl_1/top_top.bit} [get_hw_devices xc7a35t_0]
program_hw_devices [get_hw_devices xc7a35t_0]
refresh_hw_device [lindex [get_hw_devices xc7a35t_0] 0]
reset_run synth_1
launch_runs impl_1 -to_step write_bitstream -jobs 10
wait_on_run impl_1
set_property PROBES.FILE {} [get_hw_devices xc7a35t_0]
set_property FULL_PROBES.FILE {} [get_hw_devices xc7a35t_0]
set_property PROGRAM.FILE {C:/Users/samue/Desktop/polynomial_working.xpr/FDP/FDP.runs/impl_1/top_top.bit} [get_hw_devices xc7a35t_0]
program_hw_devices [get_hw_devices xc7a35t_0]
refresh_hw_device [lindex [get_hw_devices xc7a35t_0] 0]
reset_run synth_1
launch_runs impl_1 -to_step write_bitstream -jobs 10
wait_on_run impl_1
set_property PROBES.FILE {} [get_hw_devices xc7a35t_0]
set_property FULL_PROBES.FILE {} [get_hw_devices xc7a35t_0]
set_property PROGRAM.FILE {C:/Users/samue/Desktop/polynomial_working.xpr/FDP/FDP.runs/impl_1/top_top.bit} [get_hw_devices xc7a35t_0]
program_hw_devices [get_hw_devices xc7a35t_0]
refresh_hw_device [lindex [get_hw_devices xc7a35t_0] 0]
reset_run synth_1
launch_runs impl_1 -to_step write_bitstream -jobs 10
wait_on_run impl_1
set_property PROBES.FILE {} [get_hw_devices xc7a35t_0]
set_property FULL_PROBES.FILE {} [get_hw_devices xc7a35t_0]
set_property PROGRAM.FILE {C:/Users/samue/Desktop/polynomial_working.xpr/FDP/FDP.runs/impl_1/top_top.bit} [get_hw_devices xc7a35t_0]
program_hw_devices [get_hw_devices xc7a35t_0]
refresh_hw_device [lindex [get_hw_devices xc7a35t_0] 0]
reset_run synth_1
launch_runs impl_1 -to_step write_bitstream -jobs 10
wait_on_run impl_1
set_property PROBES.FILE {} [get_hw_devices xc7a35t_0]
set_property FULL_PROBES.FILE {} [get_hw_devices xc7a35t_0]
set_property PROGRAM.FILE {C:/Users/samue/Desktop/polynomial_working.xpr/FDP/FDP.runs/impl_1/top_top.bit} [get_hw_devices xc7a35t_0]
program_hw_devices [get_hw_devices xc7a35t_0]
refresh_hw_device [lindex [get_hw_devices xc7a35t_0] 0]
archive_project C:/Users/samue/Desktop/polynomial_working.xpr/FDP.xpr.zip -temp_dir C:/Users/samue/Desktop/polynomial_working.xpr/FDP/.Xil/Vivado-24508-dorn_pc -force -include_local_ip_cache -include_config_settings
