datapath__488: project_top__GCB1, 
logic__501: project_top__GCB0, 
datapath__155: graphing_calculator_top__GC0, 
rom__1: graphing_calculator_top__GC0, 
dsp48e1__8: project_top__GCB1, 
case__132: graphing_calculator_top__GC0, 
dsp48e1__72: project_top__GCB1, 
logic__1180: graphing_calculator_top__GC0, 
case__750: project_top__GCB0, 
logic__1510: graph_plotter__GB0, 
logic__555: project_top__GCB0, 
case__159: graphing_calculator_top__GC0, 
datapath__428: graph_plotter__GB0, 
case__102: project_top__GCB0, 
datapath__251: graphing_calculator_top__GC0, 
logic__867: graphing_calculator_top__GC0, 
datapath__177: graphing_calculator_top__GC0, 
logic__950: graphing_calculator_top__GC0, 
logic__95: project_top__GCB1, 
case__204: graphing_calculator_top__GC0, 
datapath__236: graphing_calculator_top__GC0, 
logic__558: project_top__GCB0, 
logic__1888: project_top__GCB1, 
keep__5: project_top__GCB0, 
logic__1600: graph_plotter__GB0, 
logic__622: project_top__GCB0, 
case__134: graphing_calculator_top__GC0, 
datapath__442: project_top__GCB1, 
datapath__72: project_top__GCB0, 
case__692: project_top__GCB1, 
datapath__303: graph_plotter__GB1, graph_plotter__GB0, 
datapath__203: graphing_calculator_top__GC0, 
case__185: graphing_calculator_top__GC0, 
logic__1033: graphing_calculator_top__GC0, 
case__213: graphing_calculator_top__GC0, 
case__665: project_top__GCB1, 
logic__1714: project_top__GCB1, 
case__549: graph_plotter__GB0, 
datapath__439: project_top__GCB1, 
logic__1405: graphing_calculator_top__GC0, 
muxpart__183: project_top__GCB1, 
logic__1316: graphing_calculator_top__GC0, 
logic__1545: graph_plotter__GB0, 
counter__4: graphing_calculator_top__GC0, 
logic__179: project_top__GCB1, 
datapath__91: project_top__GCB0, 
case__193: graphing_calculator_top__GC0, 
case__572: graph_plotter__GB0, 
muxpart__109: graphing_calculator_top__GC0, 
case__656: project_top__GCB1, 
dsp48e1__35: graph_plotter__GB0, 
dsp48e1__47: graph_plotter__GB0, 
case__45: project_top__GCB0, 
case__638: graphing_calculator_top__GC0, 
datapath__180: graphing_calculator_top__GC0, 
datapath__524: project_top__GCB1, 
logic__26: project_top__GCB1, 
reg__63: graphing_calculator_top__GC0, 
logic__1000: graphing_calculator_top__GC0, 
case__360: graphing_calculator_top__GC0, 
logic__1761: project_top__GCB1, 
logic__2027: project_top__GCB1, 
datapath__405: graph_plotter__GB0, 
case__59: project_top__GCB0, 
datapath__296: graph_plotter__GB1, graph_plotter__GB0, 
datapath__121: project_top__GCB0, 
datapath__294: graphing_calculator_top__GC0, 
logic__747: graphing_calculator_top__GC0, 
datapath__465: project_top__GCB1, 
logic__2100: project_top__GCB0, 
calculator_fsm: project_top__GCB0, 
reg__51: graphing_calculator_top__GC0, 
logic__1252: graphing_calculator_top__GC0, 
datapath__422: graph_plotter__GB0, 
logic__426: project_top__GCB0, 
case__346: graphing_calculator_top__GC0, 
case__402: graphing_calculator_top__GC0, 
case__719: project_top__GCB1, 
logic__1885: project_top__GCB1, 
datapath__103: project_top__GCB0, 
case__211: graphing_calculator_top__GC0, 
datapath__332: graph_plotter__GB1, 
logic__37: project_top__GCB1, 
datapath__274: graphing_calculator_top__GC0, 
datapath__202: graphing_calculator_top__GC0, 
logic__56: project_top__GCB1, 
case__721: project_top__GCB1, 
case__105: project_top__GCB0, 
dsp48e1__12: project_top__GCB0, 
logic__979: graphing_calculator_top__GC0, 
logic__650: project_top__GCB0, 
logic__360: project_top__GCB0, 
reg__12: project_top__GCB0, 
case__655: project_top__GCB1, 
case__576: graph_plotter__GB0, 
datapath__293: graphing_calculator_top__GC0, 
case__361: graphing_calculator_top__GC0, 
case__300: graphing_calculator_top__GC0, 
case__784: project_top__GCB0, 
datapath__168: graphing_calculator_top__GC0, 
case__353: graphing_calculator_top__GC0, 
logic__631: project_top__GCB0, 
datapath__13: project_top__GCB1, 
case__697: project_top__GCB1, 
case__745: project_top__GCB1, 
logic__1827: project_top__GCB1, 
datapath__134: project_top__GCB0, 
logic__822: graphing_calculator_top__GC0, 
logic__201: project_top__GCB1, 
dsp48e1__70: project_top__GCB1, 
case__643: project_top__GCB1, 
logic__2090: project_top__GCB0, 
logic__1523: graph_plotter__GB0, 
datapath__493: project_top__GCB1, 
case__653: project_top__GCB1, 
case__594: graph_plotter__GB0, 
muxpart__78: graphing_calculator_top__GC0, 
reg__31: graphing_calculator_top__GC0, 
case__316: graphing_calculator_top__GC0, 
datapath__372: graph_plotter__GB0, 
dsp48e1__48: graph_plotter__GB0, 
logic__1407: graphing_calculator_top__GC0, 
multiply_function: project_top__GCB0, 
datapath__150: graphing_calculator_top__GC0, 
logic__652: project_top__GCB0, 
logic__208: project_top__GCB1, 
case__470: graphing_calculator_top__GC0, 
datapath__485: project_top__GCB1, 
datapath__281: graphing_calculator_top__GC0, 
datapath__216: graphing_calculator_top__GC0, 
case__436: graphing_calculator_top__GC0, 
case__326: graphing_calculator_top__GC0, 
logic__1266: graphing_calculator_top__GC0, 
logic__1005: graphing_calculator_top__GC0, 
dsp48e1__16: graphing_calculator_top__GC0, 
logic__414: project_top__GCB0, 
logic__1201: graphing_calculator_top__GC0, 
logic__2056: project_top__GCB1, 
case__128: graphing_calculator_top__GC0, 
case__356: graphing_calculator_top__GC0, 
datapath__271: graphing_calculator_top__GC0, 
case__530: graph_plotter__GB1, 
case__320: graphing_calculator_top__GC0, 
case__20: project_top__GCB1, 
muxpart__51: graphing_calculator_top__GC0, 
datapath__46: project_top__GCB0, 
logic__1428: graph_plotter__GB1, graph_plotter__GB0, 
logic__984: graphing_calculator_top__GC0, 
muxpart__140: graph_plotter__GB1, 
case__657: project_top__GCB1, 
logic__795: graphing_calculator_top__GC0, 
case__507: graph_plotter__GB1, graph_plotter__GB0, 
logic__531: project_top__GCB0, 
muxpart__24: project_top__GCB0, 
case__639: graphing_calculator_top__GC0, 
reg__10: project_top__GCB0, 
logic__1199: graphing_calculator_top__GC0, 
logic__1055: graphing_calculator_top__GC0, 
datapath__377: graph_plotter__GB0, 
case__682: project_top__GCB1, 
logic__711: graphing_calculator_top__GC0, 
datapath__330: graph_plotter__GB1, 
case__47: project_top__GCB0, 
equation_input_module: graphing_calculator_top__GC0, 
case__527: graph_plotter__GB1, 
datapath__373: graph_plotter__GB0, 
logic__1511: graph_plotter__GB0, 
case__310: graphing_calculator_top__GC0, 
case__509: graph_plotter__GB1, graph_plotter__GB0, 
case__764: project_top__GCB1, 
case__297: graphing_calculator_top__GC0, 
logic__121: project_top__GCB1, 
datapath__81: project_top__GCB0, 
logic__9: project_top__GCB0, 
logic__1613: graph_plotter__GB0, 
case__435: graphing_calculator_top__GC0, 
case__173: graphing_calculator_top__GC0, 
datapath__398: graph_plotter__GB0, 
case__251: graphing_calculator_top__GC0, 
datapath__450: project_top__GCB1, 
logic__474: project_top__GCB0, 
case__58: project_top__GCB0, 
datapath__434: graph_plotter__GB0, 
logic__836: graphing_calculator_top__GC0, 
datapath__471: project_top__GCB1, 
logic__1257: graphing_calculator_top__GC0, 
case__344: graphing_calculator_top__GC0, 
datapath__306: graph_plotter__GB1, graph_plotter__GB0, 
case__668: project_top__GCB1, 
logic__1231: graphing_calculator_top__GC0, 
case__580: graph_plotter__GB0, 
logic__1549: graph_plotter__GB0, 
case__243: graphing_calculator_top__GC0, 
logic__651: project_top__GCB0, 
case__196: graphing_calculator_top__GC0, 
datapath__368: graph_plotter__GB0, 
datapath__277: graphing_calculator_top__GC0, 
datapath__476: project_top__GCB1, 
logic__1172: graphing_calculator_top__GC0, 
logic__1462: graph_plotter__GB1, 
logic__1124: graphing_calculator_top__GC0, 
logic__1789: project_top__GCB1, 
case__315: graphing_calculator_top__GC0, 
case__443: graphing_calculator_top__GC0, 
logic__1455: graph_plotter__GB1, 
logic__537: project_top__GCB0, 
logic__302: project_top__GCB0, 
case__227: graphing_calculator_top__GC0, 
case__447: graphing_calculator_top__GC0, 
datapath__521: project_top__GCB1, 
muxpart__23: project_top__GCB0, 
reg__40: graphing_calculator_top__GC0, 
case__117: graphing_calculator_top__GC0, 
debouncer_parent: project_top__GCB0, 
datapath__19: project_top__GCB1, 
logic__917: graphing_calculator_top__GC0, 
datapath__26: project_top__GCB1, 
counter: project_top__GCB0, 
case__223: graphing_calculator_top__GC0, 
case__640: project_top__GCB1, 
datapath__503: project_top__GCB1, 
muxpart__72: graphing_calculator_top__GC0, 
datapath__159: graphing_calculator_top__GC0, 
datapath__135: project_top__GCB0, 
logic__1622: graph_plotter__GB1, 
datapath__99: project_top__GCB0, 
datapath__394: graph_plotter__GB0, 
logic__1972: project_top__GCB1, 
case__167: graphing_calculator_top__GC0, 
datapath__400: graph_plotter__GB0, 
datapath__473: project_top__GCB1, 
case__374: graphing_calculator_top__GC0, 
case__462: graphing_calculator_top__GC0, 
datapath__347: graph_plotter__GB0, 
logic__460: project_top__GCB0, 
datapath__329: graph_plotter__GB1, 
logic__83: project_top__GCB1, 
logic__882: graphing_calculator_top__GC0, 
logic__998: graphing_calculator_top__GC0, 
case__198: graphing_calculator_top__GC0, 
logic__642: project_top__GCB0, 
logic__484: project_top__GCB0, 
datapath__36: project_top__GCB0, 
datapath__390: graph_plotter__GB0, 
logic__589: project_top__GCB0, 
logic__1343: graphing_calculator_top__GC0, 
datapath__519: project_top__GCB1, 
logic__1025: graphing_calculator_top__GC0, 
datapath__525: project_top__GCB1, 
reg__72: graph_plotter__GB1, 
datapath__209: graphing_calculator_top__GC0, 
logic__1472: graph_plotter__GB1, 
logic__1488: graph_plotter__GB0, 
datapath__156: graphing_calculator_top__GC0, 
case__783: project_top__GCB0, 
datapath__69: project_top__GCB0, 
case__91: project_top__GCB0, 
case__228: graphing_calculator_top__GC0, 
reg__35: graphing_calculator_top__GC0, 
logic__914: graphing_calculator_top__GC0, 
case__548: graph_plotter__GB0, 
logic__1267: graphing_calculator_top__GC0, 
datapath__433: graph_plotter__GB0, 
logic__1857: project_top__GCB1, 
case__465: graphing_calculator_top__GC0, 
datapath__215: graphing_calculator_top__GC0, 
logic__775: graphing_calculator_top__GC0, 
case__666: project_top__GCB1, 
case__32: project_top__GCB0, 
logic__2074: project_top__GCB0, 
reg__95: project_top__GCB1, 
case__108: project_top__GCB0, 
logic__1903: project_top__GCB1, 
case__256: graphing_calculator_top__GC0, 
case__324: graphing_calculator_top__GC0, 
counter__7: project_top__GCB1, 
datapath__297: graph_plotter__GB1, graph_plotter__GB0, 
logic__1507: graph_plotter__GB0, 
datapath__249: graphing_calculator_top__GC0, 
datapath__338: graph_plotter__GB0, 
logic__260: project_top__GCB0, 
reg__41: graphing_calculator_top__GC0, 
case__133: graphing_calculator_top__GC0, 
muxpart__108: graphing_calculator_top__GC0, 
reg__38: graphing_calculator_top__GC0, 
logic__53: project_top__GCB1, 
case__569: graph_plotter__GB0, 
muxpart__85: graphing_calculator_top__GC0, 
reg__60: graphing_calculator_top__GC0, 
case__206: graphing_calculator_top__GC0, 
reg__88: project_top__GCB1, 
logic__364: project_top__GCB0, 
datapath__342: graph_plotter__GB0, 
case__212: graphing_calculator_top__GC0, 
datapath__176: graphing_calculator_top__GC0, 
case__720: project_top__GCB1, 
logic__2053: project_top__GCB1, 
logic__1497: graph_plotter__GB0, 
logic__929: graphing_calculator_top__GC0, 
datapath__516: project_top__GCB1, 
case__415: graphing_calculator_top__GC0, 
case__289: graphing_calculator_top__GC0, 
logic__584: project_top__GCB0, 
case__81: project_top__GCB0, 
dsp48e1__60: graph_plotter__GB0, 
logic__1083: graphing_calculator_top__GC0, 
datapath__291: graphing_calculator_top__GC0, 
reg__90: project_top__GCB1, 
logic__996: graphing_calculator_top__GC0, 
logic__1178: graphing_calculator_top__GC0, 
datapath__416: graph_plotter__GB0, 
reg__73: graph_plotter__GB0, 
datapath__320: graph_plotter__GB1, 
logic__1824: project_top__GCB1, 
dsp48e1__56: graph_plotter__GB0, 
datapath__24: project_top__GCB1, 
case__677: project_top__GCB1, 
case__770: project_top__GCB0, 
case__100: project_top__GCB0, 
logic__904: graphing_calculator_top__GC0, 
datapath__220: graphing_calculator_top__GC0, 
logic__1594: graph_plotter__GB0, 
reg__109: project_top__GCB0, 
datapath__139: project_top__GCB0, 
logic__983: graphing_calculator_top__GC0, 
logic__1181: graphing_calculator_top__GC0, 
logic__1853: project_top__GCB1, 
logic__1081: graphing_calculator_top__GC0, 
logic__461: project_top__GCB0, 
datapath__188: graphing_calculator_top__GC0, 
datapath__267: graphing_calculator_top__GC0, 
reg__49: graphing_calculator_top__GC0, 
logic__10: project_top__GCB0, 
case__334: graphing_calculator_top__GC0, 
case__403: graphing_calculator_top__GC0, 
datapath__290: graphing_calculator_top__GC0, 
case__55: project_top__GCB0, 
case__390: graphing_calculator_top__GC0, 
case__469: graphing_calculator_top__GC0, 
logic__1464: graph_plotter__GB1, 
datapath__153: graphing_calculator_top__GC0, 
case__523: graph_plotter__GB1, 
case__311: graphing_calculator_top__GC0, 
datapath__426: graph_plotter__GB0, 
datapath__142: project_top__GCB0, 
logic__397: project_top__GCB0, 
case__200: graphing_calculator_top__GC0, 
datapath__495: project_top__GCB1, 
case__122: graphing_calculator_top__GC0, 
datapath__413: graph_plotter__GB0, 
datapath__25: project_top__GCB1, 
logic__104: project_top__GCB1, 
logic__1505: graph_plotter__GB0, 
datapath__498: project_top__GCB1, 
muxpart__138: graph_plotter__GB1, 
logic__1249: graphing_calculator_top__GC0, 
case__735: project_top__GCB1, 
logic__2026: project_top__GCB1, 
muxpart__124: graphing_calculator_top__GC0, 
logic__1482: graph_plotter__GB0, 
muxpart__139: graph_plotter__GB1, 
logic__1908: project_top__GCB1, 
datapath__148: project_top__GCB0, 
case__94: project_top__GCB0, 
logic__415: project_top__GCB0, 
datapath__389: graph_plotter__GB0, 
datapath__162: graphing_calculator_top__GC0, 
reg__91: project_top__GCB1, 
muxpart__34: project_top__GCB0, 
datapath__78: project_top__GCB0, 
logic__1802: project_top__GCB1, 
counter__5: project_top__GCB1, 
logic__1026: graphing_calculator_top__GC0, 
case__89: project_top__GCB0, 
muxpart__56: graphing_calculator_top__GC0, 
case__547: graph_plotter__GB0, 
logic__169: project_top__GCB1, 
case__563: graph_plotter__GB0, 
logic__778: graphing_calculator_top__GC0, 
logic__49: project_top__GCB1, 
logic__645: project_top__GCB0, 
logic__1656: graphing_calculator_top__GC0, 
case__453: graphing_calculator_top__GC0, 
case__686: project_top__GCB1, 
case__499: graphing_calculator_top__GC0, 
datapath__253: graphing_calculator_top__GC0, 
datapath__184: graphing_calculator_top__GC0, 
logic__1985: project_top__GCB1, 
datapath__62: project_top__GCB0, 
case__773: project_top__GCB0, 
datapath__467: project_top__GCB1, 
logic__818: graphing_calculator_top__GC0, 
case__413: graphing_calculator_top__GC0, 
datapath__269: graphing_calculator_top__GC0, 
dsp48e1__44: graph_plotter__GB0, 
datapath__29: project_top__GCB0, 
logic__1315: graphing_calculator_top__GC0, 
logic__609: project_top__GCB0, 
case__545: graph_plotter__GB0, 
datapath__44: project_top__GCB0, 
logic__1007: graphing_calculator_top__GC0, 
case__174: graphing_calculator_top__GC0, 
muxpart__4: project_top__GCB1, 
muxpart__26: project_top__GCB0, 
case__224: graphing_calculator_top__GC0, 
logic__1171: graphing_calculator_top__GC0, 
case__644: project_top__GCB1, 
logic__995: graphing_calculator_top__GC0, 
datapath__475: project_top__GCB1, 
case__195: graphing_calculator_top__GC0, 
case__99: project_top__GCB0, 
logic__715: graphing_calculator_top__GC0, 
dsp48e1__40: graph_plotter__GB0, 
logic__115: project_top__GCB1, 
case__475: graphing_calculator_top__GC0, 
dsp48e1__29: graph_plotter__GB0, 
case__400: graphing_calculator_top__GC0, 
case__226: graphing_calculator_top__GC0, 
case__309: graphing_calculator_top__GC0, 
muxpart__61: graphing_calculator_top__GC0, 
datapath__119: project_top__GCB0, 
dsp48e1__24: graph_plotter__GB0, 
logic__815: graphing_calculator_top__GC0, 
logic__1963: project_top__GCB1, 
case__751: project_top__GCB0, 
case__405: graphing_calculator_top__GC0, 
logic__1742: project_top__GCB1, 
datapath__161: graphing_calculator_top__GC0, 
case__36: project_top__GCB0, 
case: project_top__GCB0, 
case__539: graph_plotter__GB1, 
logic__212: project_top__GCB1, 
dsp48e1__1: project_top__GCB1, 
case__24: project_top__GCB0, 
logic__1451: graph_plotter__GB1, 
reg__64: graphing_calculator_top__GC0, 
logic__628: project_top__GCB0, 
reg__19: project_top__GCB0, 
case__571: graph_plotter__GB0, 
keep__3: project_top__GCB1, 
case__477: graphing_calculator_top__GC0, 
case__240: graphing_calculator_top__GC0, 
datapath__55: project_top__GCB0, 
case__187: graphing_calculator_top__GC0, 
muxpart__69: graphing_calculator_top__GC0, 
case__428: graphing_calculator_top__GC0, 
case__5: project_top__GCB1, 
logic__498: project_top__GCB0, 
muxpart__46: graphing_calculator_top__GC0, 
case__624: graphing_calculator_top__GC0, 
logic__1879: project_top__GCB1, 
datapath__58: project_top__GCB0, 
datapath__197: graphing_calculator_top__GC0, 
logic__989: graphing_calculator_top__GC0, 
logic__549: project_top__GCB0, 
logic__1484: graph_plotter__GB0, 
case__333: graphing_calculator_top__GC0, 
logic__2021: project_top__GCB1, 
muxpart__37: project_top__GCB0, 
datapath__60: project_top__GCB0, 
datapath__172: graphing_calculator_top__GC0, 
case__680: project_top__GCB1, 
datapath__436: graph_plotter__GB0, 
logic__1526: graph_plotter__GB0, 
case__318: graphing_calculator_top__GC0, 
case__163: graphing_calculator_top__GC0, 
datapath__481: project_top__GCB1, 
dsp48e1__50: graph_plotter__GB0, 
muxpart__178: project_top__GCB1, 
dsp48e1__71: project_top__GCB1, 
datapath__263: graphing_calculator_top__GC0, 
logic__73: project_top__GCB1, 
logic__2095: project_top__GCB0, 
case__209: graphing_calculator_top__GC0, 
dsp48e1__9: project_top__GCB1, 
logic__692: graphing_calculator_top__GC0, 
logic__55: project_top__GCB1, 
logic__1891: project_top__GCB1, 
logic__1309: graphing_calculator_top__GC0, 
logic__518: project_top__GCB0, 
dsp48e1__22: graph_plotter__GB0, 
datapath__456: project_top__GCB1, 
rom__2: project_top__GCB1, 
logic__807: graphing_calculator_top__GC0, 
case__448: graphing_calculator_top__GC0, 
case__217: graphing_calculator_top__GC0, 
reg__65: graphing_calculator_top__GC0, 
datapath__382: graph_plotter__GB0, 
case__241: graphing_calculator_top__GC0, 
datapath__64: project_top__GCB0, 
case__762: project_top__GCB0, 
case__336: graphing_calculator_top__GC0, 
case__192: graphing_calculator_top__GC0, 
case__583: graph_plotter__GB0, 
logic__2025: project_top__GCB1, 
reg__112: project_top__GCB0, 
case__293: graphing_calculator_top__GC0, 
datapath__276: graphing_calculator_top__GC0, 
logic__1454: graph_plotter__GB1, 
case__137: graphing_calculator_top__GC0, 
case__14: project_top__GCB1, 
logic__947: graphing_calculator_top__GC0, 
case__513: graph_plotter__GB1, graph_plotter__GB0, 
counter__9: project_top__GCB0, 
logic__1493: graph_plotter__GB0, 
logic__903: graphing_calculator_top__GC0, 
case__478: graphing_calculator_top__GC0, 
datapath__350: graph_plotter__GB0, 
case__515: graph_plotter__GB1, 
datapath__9: project_top__GCB1, 
logic__530: project_top__GCB0, 
logic__50: project_top__GCB1, 
case__30: project_top__GCB0, 
case__627: graphing_calculator_top__GC0, 
logic__1456: graph_plotter__GB1, 
case__205: graphing_calculator_top__GC0, 
case__144: graphing_calculator_top__GC0, 
reg__86: project_top__GCB1, 
logic__1445: graph_plotter__GB1, 
dsp48e1__58: graph_plotter__GB0, 
case__142: graphing_calculator_top__GC0, 
dsp48e1__36: graph_plotter__GB0, 
datapath__22: project_top__GCB1, 
datapath__124: project_top__GCB0, 
datapath__318: graph_plotter__GB1, 
logic__1030: graphing_calculator_top__GC0, 
case__699: project_top__GCB1, 
case__484: graphing_calculator_top__GC0, 
case__506: graph_plotter__GB1, graph_plotter__GB0, 
logic__187: project_top__GCB1, 
logic__821: graphing_calculator_top__GC0, 
datapath__12: project_top__GCB1, 
logic__566: project_top__GCB0, 
logic__423: project_top__GCB0, 
logic__64: project_top__GCB1, 
datapath__257: graphing_calculator_top__GC0, 
logic__1119: graphing_calculator_top__GC0, 
logic__1904: project_top__GCB1, 
dsp48e1__32: graph_plotter__GB0, 
muxpart__142: graph_plotter__GB1, 
datapath__208: graphing_calculator_top__GC0, 
logic__1811: project_top__GCB1, 
datapath__504: project_top__GCB1, 
datapath__237: graphing_calculator_top__GC0, 
reg__96: project_top__GCB1, 
datapath__38: project_top__GCB0, 
logic__132: project_top__GCB1, 
logic__63: project_top__GCB1, 
datapath__490: project_top__GCB1, 
case__6: project_top__GCB1, 
datapath__85: project_top__GCB0, 
datapath__272: graphing_calculator_top__GC0, 
case__582: graph_plotter__GB0, 
datapath__383: graph_plotter__GB0, 
datapath__67: project_top__GCB0, 
datapath__53: project_top__GCB0, 
logic__534: project_top__GCB0, 
datapath__164: graphing_calculator_top__GC0, 
logic__1971: project_top__GCB1, 
datapath__88: project_top__GCB0, 
case__317: graphing_calculator_top__GC0, 
logic__1189: graphing_calculator_top__GC0, 
dsp48e1__7: project_top__GCB1, 
case__335: graphing_calculator_top__GC0, 
case__343: graphing_calculator_top__GC0, 
logic__93: project_top__GCB1, 
datapath__90: project_top__GCB0, 
case__529: graph_plotter__GB1, 
case__281: graphing_calculator_top__GC0, 
case__496: graphing_calculator_top__GC0, 
muxpart__167: project_top__GCB1, 
logic__1743: project_top__GCB1, 
case__230: graphing_calculator_top__GC0, 
logic__373: project_top__GCB0, 
datapath__345: graph_plotter__GB0, 
logic__194: project_top__GCB1, 
case__236: graphing_calculator_top__GC0, 
logic__354: project_top__GCB0, 
logic__1635: graph_plotter__GB0, 
logic__719: graphing_calculator_top__GC0, 
case__82: project_top__GCB0, 
datapath__275: graphing_calculator_top__GC0, 
logic__1699: graphing_calculator_top__GC0, 
logic__162: project_top__GCB1, 
muxpart__33: project_top__GCB0, 
case__395: graphing_calculator_top__GC0, 
datapath__451: project_top__GCB1, 
datapath__125: project_top__GCB0, 
logic__381: project_top__GCB0, 
case__44: project_top__GCB0, 
reg__21: project_top__GCB0, 
logic__803: graphing_calculator_top__GC0, 
case__337: graphing_calculator_top__GC0, 
muxpart__21: project_top__GCB0, 
muxpart__127: graphing_calculator_top__GC0, 
logic__1218: graphing_calculator_top__GC0, 
datapath__446: project_top__GCB1, 
case__330: graphing_calculator_top__GC0, 
muxpart__76: graphing_calculator_top__GC0, 
case__670: project_top__GCB1, 
logic__1611: graph_plotter__GB0, 
case__139: graphing_calculator_top__GC0, 
logic__1544: graph_plotter__GB0, 
case__408: graphing_calculator_top__GC0, 
logic__1861: project_top__GCB1, 
datapath__233: graphing_calculator_top__GC0, 
reg__48: graphing_calculator_top__GC0, 
dsp48e1__26: graph_plotter__GB0, 
case__16: project_top__GCB1, 
text_display: graph_plotter__GB1, 
datapath__458: project_top__GCB1, 
case__162: graphing_calculator_top__GC0, 
logic__1883: project_top__GCB1, 
datapath__242: graphing_calculator_top__GC0, 
logic__806: graphing_calculator_top__GC0, 
case__556: graph_plotter__GB0, 
logic__1433: graph_plotter__GB1, 
datapath__354: graph_plotter__GB0, 
logic__1933: project_top__GCB1, 
case__775: project_top__GCB0, 
case__508: graph_plotter__GB1, graph_plotter__GB0, 
datapath__386: graph_plotter__GB0, 
case__106: project_top__GCB0, 
reg__101: project_top__GCB1, 
logic__2024: project_top__GCB1, 
logic__1351: graphing_calculator_top__GC0, 
case__186: graphing_calculator_top__GC0, 
case__175: graphing_calculator_top__GC0, 
datapath__443: project_top__GCB1, 
dsp48e1__42: graph_plotter__GB0, 
logic__1149: graphing_calculator_top__GC0, 
case__238: graphing_calculator_top__GC0, 
case__123: graphing_calculator_top__GC0, 
reg__94: project_top__GCB1, 
reg__81: project_top__GCB1, 
case__445: graphing_calculator_top__GC0, 
case__179: graphing_calculator_top__GC0, 
logic__2029: project_top__GCB1, 
logic__639: project_top__GCB0, 
datapath__312: graph_plotter__GB1, 
case__584: graph_plotter__GB0, 
logic__766: graphing_calculator_top__GC0, 
logic__811: graphing_calculator_top__GC0, 
logic__167: project_top__GCB1, 
case__15: project_top__GCB1, 
case__331: graphing_calculator_top__GC0, 
case__365: graphing_calculator_top__GC0, 
case__203: graphing_calculator_top__GC0, 
dsp48e1__38: graph_plotter__GB0, 
case__705: project_top__GCB1, 
logic__1280: graphing_calculator_top__GC0, 
datapath__325: graph_plotter__GB1, 
datapath__409: graph_plotter__GB0, 
logic__986: graphing_calculator_top__GC0, 
datapath__523: project_top__GCB1, 
case__558: graph_plotter__GB0, 
logic__184: project_top__GCB1, 
logic__90: project_top__GCB1, 
case__341: graphing_calculator_top__GC0, 
dsp48e1__15: graphing_calculator_top__GC0, 
datapath__483: project_top__GCB1, 
logic__561: project_top__GCB0, 
dsp48e1__54: graph_plotter__GB0, 
datapath__35: project_top__GCB0, 
logic__117: project_top__GCB1, 
logic__76: project_top__GCB1, 
case__166: graphing_calculator_top__GC0, 
logic__371: project_top__GCB0, 
datapath__311: graph_plotter__GB1, 
logic__1085: graphing_calculator_top__GC0, 
logic__120: project_top__GCB1, 
logic__801: graphing_calculator_top__GC0, 
reg__66: graph_plotter__GB1, 
reg__97: project_top__GCB1, 
logic__599: project_top__GCB0, 
case__554: graph_plotter__GB0, 
counter__8: project_top__GCB1, 
datapath__157: graphing_calculator_top__GC0, 
logic__1139: graphing_calculator_top__GC0, 
case__253: graphing_calculator_top__GC0, 
case__306: graphing_calculator_top__GC0, 
case__371: graphing_calculator_top__GC0, 
case__592: graph_plotter__GB0, 
muxpart__176: project_top__GCB1, 
logic__982: graphing_calculator_top__GC0, 
case__79: project_top__GCB0, 
datapath__246: graphing_calculator_top__GC0, 
case__476: graphing_calculator_top__GC0, 
case__357: graphing_calculator_top__GC0, 
datapath__166: graphing_calculator_top__GC0, 
case__757: project_top__GCB0, 
datapath__33: project_top__GCB0, 
logic__1346: graphing_calculator_top__GC0, 
case__276: graphing_calculator_top__GC0, 
case__516: graph_plotter__GB1, 
datapath__141: project_top__GCB0, 
datapath__316: graph_plotter__GB1, 
logic__1047: graphing_calculator_top__GC0, 
case__492: graphing_calculator_top__GC0, 
case__671: project_top__GCB1, 
case__532: graph_plotter__GB1, 
logic__1183: graphing_calculator_top__GC0, 
datapath__247: graphing_calculator_top__GC0, 
logic__850: graphing_calculator_top__GC0, 
case__66: project_top__GCB0, 
logic__994: graphing_calculator_top__GC0, 
datapath__424: graph_plotter__GB0, 
case__414: graphing_calculator_top__GC0, 
muxpart__20: project_top__GCB0, 
muxpart__87: graphing_calculator_top__GC0, 
datapath__129: project_top__GCB0, 
logic__1169: graphing_calculator_top__GC0, 
case__348: graphing_calculator_top__GC0, 
datapath__191: graphing_calculator_top__GC0, 
case__727: project_top__GCB1, 
logic__1772: project_top__GCB1, 
dual_oled_calculator_pixel: project_top__GCB0, 
case__458: graphing_calculator_top__GC0, 
logic__1606: graph_plotter__GB0, 
logic__1339: graphing_calculator_top__GC0, 
muxpart__164: project_top__GCB1, 
muxpart__192: project_top__GCB1, 
case__768: project_top__GCB0, 
datapath__20: project_top__GCB1, 
logic__704: graphing_calculator_top__GC0, 
logic__1915: project_top__GCB1, 
case__678: project_top__GCB1, 
case__730: project_top__GCB1, 
muxpart__19: project_top__GCB0, 
datapath__28: project_top__GCB0, 
logic__1077: graphing_calculator_top__GC0, 
case__1: project_top__GCB0, 
datapath__140: project_top__GCB0, 
datapath__364: graph_plotter__GB0, 
case__329: graphing_calculator_top__GC0, 
logic__578: project_top__GCB0, 
counter__2: project_top__GCB0, 
reg__1: project_top__GCB0, 
logic__1617: graph_plotter__GB0, 
logic__2012: project_top__GCB1, 
game_display: project_top__GCB1, 
logic__1289: graphing_calculator_top__GC0, 
case__210: graphing_calculator_top__GC0, 
logic__988: graphing_calculator_top__GC0, 
case__702: project_top__GCB1, 
reg__22: project_top__GCB0, 
case__328: graphing_calculator_top__GC0, 
datapath__411: graph_plotter__GB0, 
case__312: graphing_calculator_top__GC0, 
logic__542: project_top__GCB0, 
logic__306: project_top__GCB0, 
logic__1418: graph_plotter__GB1, graph_plotter__GB0, 
logic__409: project_top__GCB0, 
logic__1548: graph_plotter__GB0, 
muxpart__30: project_top__GCB0, 
case__151: graphing_calculator_top__GC0, 
case__630: graphing_calculator_top__GC0, 
case__722: project_top__GCB1, 
case__711: project_top__GCB1, 
case__589: graph_plotter__GB0, 
logic__1151: graphing_calculator_top__GC0, 
reg__24: graphing_calculator_top__GC0, 
logic__1907: project_top__GCB1, 
case__136: graphing_calculator_top__GC0, 
logic__980: graphing_calculator_top__GC0, 
muxpart__53: graphing_calculator_top__GC0, 
datapath__457: project_top__GCB1, 
maths_game: project_top__GCB1, 
case__362: graphing_calculator_top__GC0, 
muxpart__120: graphing_calculator_top__GC0, 
case__557: graph_plotter__GB0, 
logic__145: project_top__GCB1, 
dsp48e1__43: graph_plotter__GB0, 
logic__825: graphing_calculator_top__GC0, 
logic__1080: graphing_calculator_top__GC0, 
datapath__384: graph_plotter__GB0, 
case__409: graphing_calculator_top__GC0, 
logic__1179: graphing_calculator_top__GC0, 
logic__1718: project_top__GCB1, 
datapath__371: graph_plotter__GB0, 
case__92: project_top__GCB0, 
logic__2: project_top__GCB0, 
case__495: graphing_calculator_top__GC0, 
dsp48e1__37: graph_plotter__GB0, 
logic__399: project_top__GCB0, 
case__23: project_top__GCB0, 
datapath__326: graph_plotter__GB1, 
datapath__528: project_top__GCB1, 
datapath__437: graph_plotter__GB0, 
muxpart__92: graphing_calculator_top__GC0, 
logic__1250: graphing_calculator_top__GC0, 
logic__380: project_top__GCB0, 
case__216: graphing_calculator_top__GC0, 
logic__1200: graphing_calculator_top__GC0, 
reg__100: project_top__GCB1, 
case__778: project_top__GCB0, 
logic__1370: graphing_calculator_top__GC0, 
case__437: graphing_calculator_top__GC0, 
datapath__113: project_top__GCB0, 
case__85: project_top__GCB0, 
logic__1262: graphing_calculator_top__GC0, 
case__510: graph_plotter__GB1, graph_plotter__GB0, 
logic__808: graphing_calculator_top__GC0, 
datapath__487: project_top__GCB1, 
case__748: project_top__GCB0, 
dsp48e1__13: project_top__GCB0, 
datapath__284: graphing_calculator_top__GC0, 
logic__2099: project_top__GCB0, 
logic__588: project_top__GCB0, 
case__29: project_top__GCB0, 
logic__1167: graphing_calculator_top__GC0, 
logic__1425: graph_plotter__GB1, graph_plotter__GB0, 
datapath__427: graph_plotter__GB0, 
reg__76: graph_plotter__GB1, 
datapath__221: graphing_calculator_top__GC0, 
case__742: project_top__GCB1, 
logic__1609: graph_plotter__GB0, 
datapath__361: graph_plotter__GB0, 
reg__23: graphing_calculator_top__GC0, 
case__537: graph_plotter__GB1, 
keypad_screen: graphing_calculator_top__GC0, 
datapath__278: graphing_calculator_top__GC0, 
case__691: project_top__GCB1, 
case__649: project_top__GCB1, 
case__590: graph_plotter__GB0, 
datapath__240: graphing_calculator_top__GC0, 
datapath__404: graph_plotter__GB0, 
muxpart__5: project_top__GCB1, 
reg__84: project_top__GCB1, 
muxpart__98: graphing_calculator_top__GC0, 
logic__981: graphing_calculator_top__GC0, 
datapath__299: graph_plotter__GB1, graph_plotter__GB0, 
case__581: graph_plotter__GB0, 
muxpart__35: project_top__GCB0, 
datapath__205: graphing_calculator_top__GC0, 
logic__1003: graphing_calculator_top__GC0, 
logic__1964: project_top__GCB1, 
logic__20: project_top__GCB1, 
muxpart__112: graphing_calculator_top__GC0, 
case__188: graphing_calculator_top__GC0, 
muxpart__16: project_top__GCB0, 
case__178: graphing_calculator_top__GC0, 
datapath__527: project_top__GCB1, 
datapath__359: graph_plotter__GB0, 
case__394: graphing_calculator_top__GC0, 
case__181: graphing_calculator_top__GC0, 
case__440: graphing_calculator_top__GC0, 
datapath__307: graph_plotter__GB1, graph_plotter__GB0, 
case__710: project_top__GCB1, 
logic__1644: graph_plotter__GB1, 
pixel_output_state_graph_menu: graphing_calculator_top__GC0, 
logic__450: project_top__GCB0, 
dsp48e1__51: graph_plotter__GB0, 
logic__25: project_top__GCB1, 
output_screen_renderer: project_top__GCB0, 
logic__797: graphing_calculator_top__GC0, 
logic__1331: graphing_calculator_top__GC0, 
case__703: project_top__GCB1, 
logic__1024: graphing_calculator_top__GC0, 
reg__55: graphing_calculator_top__GC0, 
logic__858: graphing_calculator_top__GC0, 
font_rom: project_top__GCB1, 
datapath__106: project_top__GCB0, 
datapath__515: project_top__GCB1, 
case__278: graphing_calculator_top__GC0, 
case__339: graphing_calculator_top__GC0, 
logic__1001: graphing_calculator_top__GC0, 
datapath__430: graph_plotter__GB0, 
reg__52: graphing_calculator_top__GC0, 
datapath__34: project_top__GCB0, 
case__423: graphing_calculator_top__GC0, 
case__304: graphing_calculator_top__GC0, 
datapath__178: graphing_calculator_top__GC0, 
logic__1188: graphing_calculator_top__GC0, 
datapath__118: project_top__GCB0, 
case__642: project_top__GCB1, 
datapath__280: graphing_calculator_top__GC0, 
case__286: graphing_calculator_top__GC0, 
logic__601: project_top__GCB0, 
logic__465: project_top__GCB0, 
logic__1031: graphing_calculator_top__GC0, 
case__434: graphing_calculator_top__GC0, 
case__533: graph_plotter__GB1, 
logic__1006: graphing_calculator_top__GC0, 
datapath__248: graphing_calculator_top__GC0, 
muxpart__194: project_top__GCB0, 
case__534: graph_plotter__GB1, 
reg__17: project_top__GCB0, 
datapath__301: graph_plotter__GB1, graph_plotter__GB0, 
reg__33: graphing_calculator_top__GC0, 
muxpart__6: project_top__GCB1, 
case__674: project_top__GCB1, 
case__98: project_top__GCB0, 
logic__2068: project_top__GCB0, 
logic__610: project_top__GCB0, 
datapath__287: graphing_calculator_top__GC0, 
logic__1305: graphing_calculator_top__GC0, 
dsp48e1__27: graph_plotter__GB0, 
logic__165: project_top__GCB1, 
datapath__526: project_top__GCB1, 
datapath__445: project_top__GCB1, 
case__591: graph_plotter__GB0, 
case__138: graphing_calculator_top__GC0, 
logic__133: project_top__GCB1, 
muxpart__133: graphing_calculator_top__GC0, 
muxpart__10: project_top__GCB0, 
datapath__10: project_top__GCB1, 
case__543: graph_plotter__GB1, 
logic__408: project_top__GCB0, 
logic__234: project_top__GCB0, 
case__718: project_top__GCB1, 
logic__510: project_top__GCB0, 
case__349: graphing_calculator_top__GC0, 
logic__975: graphing_calculator_top__GC0, 
datapath__421: graph_plotter__GB0, 
reg__30: graphing_calculator_top__GC0, 
datapath__529: project_top__GCB0, 
logic__593: project_top__GCB0, 
datapath__175: graphing_calculator_top__GC0, 
datapath__100: project_top__GCB0, 
case__52: project_top__GCB0, 
case__626: graphing_calculator_top__GC0, 
logic__960: graphing_calculator_top__GC0, 
datapath__362: graph_plotter__GB0, 
case__689: project_top__GCB1, 
dsp48e1__31: graph_plotter__GB0, 
logic__805: graphing_calculator_top__GC0, 
logic__814: graphing_calculator_top__GC0, 
datapath__186: graphing_calculator_top__GC0, 
logic__1512: graph_plotter__GB0, 
case__67: project_top__GCB0, 
muxpart__50: graphing_calculator_top__GC0, 
logic__447: project_top__GCB0, 
datapath__94: project_top__GCB0, 
logic__598: project_top__GCB0, 
logic__2065: project_top__GCB0, 
logic__732: graphing_calculator_top__GC0, 
logic__738: graphing_calculator_top__GC0, 
logic__357: project_top__GCB0, 
logic__1997: project_top__GCB1, 
case__673: project_top__GCB1, 
datapath__229: graphing_calculator_top__GC0, 
logic__1703: project_top__GCB1, 
logic__429: project_top__GCB0, 
case__779: project_top__GCB0, 
logic__873: graphing_calculator_top__GC0, 
reg__26: graphing_calculator_top__GC0, 
muxpart__84: graphing_calculator_top__GC0, 
datapath__86: project_top__GCB0, 
datapath__8: project_top__GCB1, 
case__307: graphing_calculator_top__GC0, 
muxpart__115: graphing_calculator_top__GC0, 
logic__1463: graph_plotter__GB1, 
datapath__87: project_top__GCB0, 
logic__1494: graph_plotter__GB0, 
logic__1547: graph_plotter__GB0, 
datapath__68: project_top__GCB0, 
dsp48e1__62: graph_plotter__GB0, 
datapath__265: graphing_calculator_top__GC0, 
datapath__363: graph_plotter__GB0, 
logic__748: graphing_calculator_top__GC0, 
muxpart__27: project_top__GCB0, 
case__634: graphing_calculator_top__GC0, 
datapath__245: graphing_calculator_top__GC0, 
graph_plotter__GB1: graph_plotter__GB1, 
datapath__302: graph_plotter__GB1, graph_plotter__GB0, 
logic__36: project_top__GCB1, 
logic__1347: graphing_calculator_top__GC0, 
case__64: project_top__GCB0, 
logic__1634: graph_plotter__GB0, 
reg__70: graph_plotter__GB1, 
logic__1333: graphing_calculator_top__GC0, 
case__565: graph_plotter__GB0, 
datapath__192: graphing_calculator_top__GC0, 
case__570: graph_plotter__GB0, 
case__460: graphing_calculator_top__GC0, 
datapath__496: project_top__GCB1, 
case__733: project_top__GCB1, 
case__145: graphing_calculator_top__GC0, 
datapath__77: project_top__GCB0, 
dsp48e1__4: project_top__GCB1, 
datapath__145: project_top__GCB0, 
case__180: graphing_calculator_top__GC0, 
logic__1056: graphing_calculator_top__GC0, 
datapath__380: graph_plotter__GB0, 
datapath__218: graphing_calculator_top__GC0, 
logic__1170: graphing_calculator_top__GC0, 
case__512: graph_plotter__GB1, graph_plotter__GB0, 
datapath__3: project_top__GCB1, 
case__113: project_top__GCB0, 
case__38: project_top__GCB0, 
logic__1330: graphing_calculator_top__GC0, 
case__242: graphing_calculator_top__GC0, 
logic__1422: graph_plotter__GB1, graph_plotter__GB0, 
datapath__346: graph_plotter__GB0, 
logic__481: project_top__GCB0, 
datapath__163: graphing_calculator_top__GC0, 
datapath__530: project_top__GCB0, 
case__619: graphing_calculator_top__GC0, 
case__685: project_top__GCB1, 
reg__71: graph_plotter__GB0, 
datapath__351: graph_plotter__GB0, 
datapath__93: project_top__GCB0, 
case__420: graphing_calculator_top__GC0, 
reg__46: graphing_calculator_top__GC0, 
case__9: project_top__GCB1, 
case__101: project_top__GCB0, 
logic__2072: project_top__GCB0, 
case__725: project_top__GCB1, 
datapath__107: project_top__GCB0, 
case__564: graph_plotter__GB0, 
case__104: project_top__GCB0, 
reg__28: graphing_calculator_top__GC0, 
case__776: project_top__GCB0, 
muxpart__134: graphing_calculator_top__GC0, 
datapath__410: graph_plotter__GB0, 
logic__144: project_top__GCB1, 
logic__493: project_top__GCB0, 
case__169: graphing_calculator_top__GC0, 
case__215: graphing_calculator_top__GC0, 
logic__1612: graph_plotter__GB0, 
logic__1023: graphing_calculator_top__GC0, 
muxpart__125: graphing_calculator_top__GC0, 
datapath__207: graphing_calculator_top__GC0, 
logic__792: graphing_calculator_top__GC0, 
case__220: graphing_calculator_top__GC0, 
logic__398: project_top__GCB0, 
datapath__37: project_top__GCB0, 
case__388: graphing_calculator_top__GC0, 
logic__45: project_top__GCB1, 
case__760: project_top__GCB0, 
datapath__57: project_top__GCB0, 
logic__1854: project_top__GCB1, 
logic__585: project_top__GCB0, 
datapath__264: graphing_calculator_top__GC0, 
logic__944: graphing_calculator_top__GC0, 
logic__548: project_top__GCB0, 
logic__939: graphing_calculator_top__GC0, 
case__88: project_top__GCB0, 
muxpart__118: graphing_calculator_top__GC0, 
logic__881: graphing_calculator_top__GC0, 
datapath__513: project_top__GCB1, 
datapath__310: graph_plotter__GB1, 
datapath__339: graph_plotter__GB0, 
datapath__138: project_top__GCB0, 
case__127: graphing_calculator_top__GC0, 
project_top__GCB0: project_top__GCB0, 
case__383: graphing_calculator_top__GC0, 
dsp48e1__55: graph_plotter__GB0, 
muxpart__94: graphing_calculator_top__GC0, 
logic__828: graphing_calculator_top__GC0, 
logic__96: project_top__GCB1, 
case__129: graphing_calculator_top__GC0, 
datapath__331: graph_plotter__GB1, 
datapath__223: graphing_calculator_top__GC0, 
datapath__89: project_top__GCB0, 
logic__804: graphing_calculator_top__GC0, 
datapath__441: project_top__GCB1, 
dsp48e1__14: graphing_calculator_top__GC0, 
case__693: project_top__GCB1, 
case__35: project_top__GCB0, 
case__498: graphing_calculator_top__GC0, 
case__299: graphing_calculator_top__GC0, 
muxpart__165: project_top__GCB1, 
logic__240: project_top__GCB0, 
logic__15: project_top__GCB0, 
logic__159: project_top__GCB1, 
datapath__54: project_top__GCB0, 
case__488: graphing_calculator_top__GC0, 
logic__1614: graph_plotter__GB0, 
muxpart__66: graphing_calculator_top__GC0, 
logic__1438: graph_plotter__GB1, 
logic__1251: graphing_calculator_top__GC0, 
logic__1018: graphing_calculator_top__GC0, 
logic__1285: graphing_calculator_top__GC0, 
reg__98: project_top__GCB1, 
case__252: graphing_calculator_top__GC0, 
case__107: project_top__GCB0, 
logic__1317: graphing_calculator_top__GC0, 
datapath__393: graph_plotter__GB0, 
logic__432: project_top__GCB0, 
case__525: graph_plotter__GB1, 
reg__42: graphing_calculator_top__GC0, 
datapath__406: graph_plotter__GB0, 
case__535: graph_plotter__GB1, 
logic__1232: graphing_calculator_top__GC0, 
datapath__109: project_top__GCB0, 
datapath__95: project_top__GCB0, 
logic__1342: graphing_calculator_top__GC0, 
case__542: graph_plotter__GB1, 
case__7: project_top__GCB1, 
logic__1882: project_top__GCB1, 
reg__87: project_top__GCB1, 
case__709: project_top__GCB1, 
logic__1193: graphing_calculator_top__GC0, 
case__701: project_top__GCB1, 
dsp48e1__52: graph_plotter__GB0, 
logic__1543: graph_plotter__GB1, 
logic__621: project_top__GCB0, 
logic__1444: graph_plotter__GB1, 
case__663: project_top__GCB1, 
logic__237: project_top__GCB0, 
logic__3: project_top__GCB0, 
datapath__189: graphing_calculator_top__GC0, 
case__207: graphing_calculator_top__GC0, 
logic__1796: project_top__GCB1, 
case__519: graph_plotter__GB1, 
logic__868: graphing_calculator_top__GC0, 
case__124: graphing_calculator_top__GC0, 
case__524: graph_plotter__GB1, 
logic__143: project_top__GCB1, 
datapath__122: project_top__GCB0, 
logic__832: graphing_calculator_top__GC0, 
muxpart__95: graphing_calculator_top__GC0, 
digit_rom: graph_plotter__GB1, 
datapath__40: project_top__GCB0, 
logic__898: graphing_calculator_top__GC0, 
dsp48e1__19: graph_plotter__GB0, 
datapath__344: graph_plotter__GB0, 
case__552: graph_plotter__GB0, 
logic__1457: graph_plotter__GB1, 
datapath__82: project_top__GCB0, 
case__237: graphing_calculator_top__GC0, 
dsp48e1__63: graph_plotter__GB0, 
logic__1977: project_top__GCB1, 
datapath__414: graph_plotter__GB0, 
datapath__366: graph_plotter__GB0, 
case__322: graphing_calculator_top__GC0, 
case__667: project_top__GCB1, 
datapath__468: project_top__GCB1, 
case__110: project_top__GCB0, 
datapath__170: graphing_calculator_top__GC0, 
datapath__336: graph_plotter__GB0, 
reg__34: graphing_calculator_top__GC0, 
logic__1095: graphing_calculator_top__GC0, 
case__578: graph_plotter__GB0, 
datapath__65: project_top__GCB0, 
case__504: graphing_calculator_top__GC0, 
datapath__298: graph_plotter__GB1, graph_plotter__GB0, 
logic__1118: graphing_calculator_top__GC0, 
logic__573: project_top__GCB0, 
case__430: graphing_calculator_top__GC0, 
case__732: project_top__GCB1, 
logic__299: project_top__GCB0, 
home_screen: project_top__GCB1, 
datapath__181: graphing_calculator_top__GC0, 
logic__1431: graph_plotter__GB1, 
logic__876: graphing_calculator_top__GC0, 
case__267: graphing_calculator_top__GC0, 
freq_625m: project_top__GCB0, 
datapath__227: graphing_calculator_top__GC0, 
datapath__396: graph_plotter__GB0, 
logic__953: graphing_calculator_top__GC0, 
datapath__381: graph_plotter__GB0, 
case__633: graphing_calculator_top__GC0, 
case__118: graphing_calculator_top__GC0, 
case__90: project_top__GCB0, 
datapath__165: graphing_calculator_top__GC0, 
case__18: project_top__GCB1, 
case__61: project_top__GCB0, 
case__164: graphing_calculator_top__GC0, 
logic__264: project_top__GCB0, 
datapath__199: graphing_calculator_top__GC0, 
logic__1012: graphing_calculator_top__GC0, 
logic__1017: graphing_calculator_top__GC0, 
case__149: graphing_calculator_top__GC0, 
logic__38: project_top__GCB1, 
logic__1900: project_top__GCB1, 
case__424: graphing_calculator_top__GC0, 
logic__1002: graphing_calculator_top__GC0, 
reg__11: project_top__GCB0, 
datapath__193: graphing_calculator_top__GC0, 
case__520: graph_plotter__GB1, 
datapath__407: graph_plotter__GB0, 
debounce: project_top__GCB0, 
case__19: project_top__GCB1, 
case__741: project_top__GCB1, 
muxpart__2: project_top__GCB1, 
datapath__131: project_top__GCB0, 
case__481: graphing_calculator_top__GC0, 
case__449: graphing_calculator_top__GC0, 
logic__127: project_top__GCB1, 
datapath__358: graph_plotter__GB0, 
muxpart__11: project_top__GCB0, 
datapath__295: graph_plotter__GB1, graph_plotter__GB0, 
dsp48e1__5: project_top__GCB1, 
logic__44: project_top__GCB1, 
datapath__417: graph_plotter__GB0, 
case__505: graphing_calculator_top__GC0, 
dsp48e1__59: graph_plotter__GB0, 
muxpart__44: graphing_calculator_top__GC0, 
datapath__52: project_top__GCB0, 
case__494: graphing_calculator_top__GC0, 
logic__1138: graphing_calculator_top__GC0, 
case__573: graph_plotter__GB0, 
logic__723: graphing_calculator_top__GC0, 
datapath__115: project_top__GCB0, 
case__482: graphing_calculator_top__GC0, 
datapath__349: graph_plotter__GB0, 
case__77: project_top__GCB0, 
case__160: graphing_calculator_top__GC0, 
case__593: graph_plotter__GB0, 
datapath__224: graphing_calculator_top__GC0, 
logic__1803: project_top__GCB1, 
case__690: project_top__GCB1, 
trig_lut: graph_plotter__GB1, graph_plotter__GB0, 
datapath__259: graphing_calculator_top__GC0, 
reg__7: project_top__GCB0, 
datapath__185: graphing_calculator_top__GC0, 
case__528: graph_plotter__GB1, 
logic__32: project_top__GCB1, 
muxpart__111: graphing_calculator_top__GC0, 
logic__1100: graphing_calculator_top__GC0, 
dsp48e1__64: graph_plotter__GB0, 
logic__2052: project_top__GCB1, 
datapath__453: project_top__GCB1, 
keep__4: project_top__GCB0, 
datapath__268: graphing_calculator_top__GC0, 
case__260: graphing_calculator_top__GC0, 
logic__75: project_top__GCB1, 
datapath__98: project_top__GCB0, 
case__172: graphing_calculator_top__GC0, 
case__11: project_top__GCB1, 
case__233: graphing_calculator_top__GC0, 
case__631: graphing_calculator_top__GC0, 
case__184: graphing_calculator_top__GC0, 
case__646: project_top__GCB1, 
logic__809: graphing_calculator_top__GC0, 
logic__1195: graphing_calculator_top__GC0, 
case__577: graph_plotter__GB0, 
datapath__402: graph_plotter__GB0, 
logic__249: project_top__GCB0, 
reg__9: project_top__GCB0, 
logic__758: graphing_calculator_top__GC0, 
logic__2061: project_top__GCB1, 
case__622: graphing_calculator_top__GC0, 
case__191: graphing_calculator_top__GC0, 
game_state: project_top__GCB1, 
datapath__105: project_top__GCB0, 
datapath__75: project_top__GCB0, 
datapath__419: graph_plotter__GB0, 
case__386: graphing_calculator_top__GC0, 
graph_plotter__GB0: graph_plotter__GB0, 
reg__67: graph_plotter__GB0, 
logic__67: project_top__GCB1, 
datapath__250: graphing_calculator_top__GC0, 
case__40: project_top__GCB0, 
logic__444: project_top__GCB0, 
case__4: project_top__GCB1, 
logic__579: project_top__GCB0, 
datapath__47: project_top__GCB0, 
reg__20: project_top__GCB0, 
logic__1102: graphing_calculator_top__GC0, 
case__168: graphing_calculator_top__GC0, 
datapath__190: graphing_calculator_top__GC0, 
case__259: graphing_calculator_top__GC0, 
muxpart: project_top__GCB1, 
case__660: project_top__GCB1, 
case__146: graphing_calculator_top__GC0, 
case__358: graphing_calculator_top__GC0, 
case__728: project_top__GCB1, 
case__214: graphing_calculator_top__GC0, 
datapath__15: project_top__GCB1, 
logic__1799: project_top__GCB1, 
datapath__333: graph_plotter__GB1, 
logic__1079: graphing_calculator_top__GC0, 
case__452: graphing_calculator_top__GC0, 
logic__497: project_top__GCB0, 
muxpart__103: graphing_calculator_top__GC0, 
reg__103: project_top__GCB1, 
case__131: graphing_calculator_top__GC0, 
case__97: project_top__GCB0, 
case__263: graphing_calculator_top__GC0, 
datapath__367: graph_plotter__GB0, 
logic__1506: graph_plotter__GB0, 
logic__1086: graphing_calculator_top__GC0, 
case__536: graph_plotter__GB1, 
counter__3: project_top__GCB0, 
datapath__76: project_top__GCB0, 
case__245: graphing_calculator_top__GC0, 
muxpart__67: graphing_calculator_top__GC0, 
case__266: graphing_calculator_top__GC0, 
datapath__322: graph_plotter__GB1, 
case__246: graphing_calculator_top__GC0, 
logic__1654: graph_plotter__GB1, 
reg__102: project_top__GCB1, 
logic__1153: graphing_calculator_top__GC0, 
reg__36: graphing_calculator_top__GC0, 
datapath__370: graph_plotter__GB0, 
logic__1087: graphing_calculator_top__GC0, 
ti85_display_module: graphing_calculator_top__GC0, 
logic__1140: graphing_calculator_top__GC0, 
logic__168: project_top__GCB1, 
datapath__463: project_top__GCB1, 
case__568: graph_plotter__GB0, 
logic__183: project_top__GCB1, 
logic__31: project_top__GCB1, 
case__308: graphing_calculator_top__GC0, 
dsp48e1__6: project_top__GCB1, 
keep__2: project_top__GCB1, 
logic__487: project_top__GCB0, 
case__688: project_top__GCB1, 
case__490: graphing_calculator_top__GC0, 
counter__10: project_top__GCB0, 
case__277: graphing_calculator_top__GC0, 
logic__1726: project_top__GCB1, 
logic__606: project_top__GCB0, 
logic__464: project_top__GCB0, 
logic__1529: graph_plotter__GB0, 
muxpart__7: project_top__GCB1, 
datapath__80: project_top__GCB0, 
datapath__43: project_top__GCB0, 
reg__74: graph_plotter__GB1, 
case__372: graphing_calculator_top__GC0, 
muxpart__29: project_top__GCB0, 
logic__1448: graph_plotter__GB1, 
datapath__18: project_top__GCB1, 
divide_function: project_top__GCB0, 
datapath__167: graphing_calculator_top__GC0, 
case__734: project_top__GCB1, 
case__261: graphing_calculator_top__GC0, 
logic__59: project_top__GCB1, 
logic__494: project_top__GCB0, 
case__69: project_top__GCB0, 
datapath__231: graphing_calculator_top__GC0, 
case__183: graphing_calculator_top__GC0, 
case__439: graphing_calculator_top__GC0, 
case__314: graphing_calculator_top__GC0, 
logic__1114: graphing_calculator_top__GC0, 
logic__1483: graph_plotter__GB0, 
datapath__114: project_top__GCB0, 
datapath__256: graphing_calculator_top__GC0, 
logic__1712: project_top__GCB1, 
logic__1492: graph_plotter__GB0, 
reg__44: graphing_calculator_top__GC0, 
logic__1814: project_top__GCB1, 
datapath__509: project_top__GCB1, 
case__683: project_top__GCB1, 
datapath__395: graph_plotter__GB0, 
logic__2070: project_top__GCB0, 
logic__438: project_top__GCB0, 
logic__420: project_top__GCB0, 
muxpart__15: project_top__GCB0, 
logic__847: graphing_calculator_top__GC0, 
logic__122: project_top__GCB1, 
logic__400: project_top__GCB0, 
datapath__323: graph_plotter__GB1, 
datapath__235: graphing_calculator_top__GC0, 
reg__56: graphing_calculator_top__GC0, 
case__518: graph_plotter__GB1, 
datapath__228: graphing_calculator_top__GC0, 
case__659: project_top__GCB1, 
datapath__425: graph_plotter__GB0, 
logic__1290: graphing_calculator_top__GC0, 
rom: project_top__GCB1, 
case__51: project_top__GCB0, 
case__555: graph_plotter__GB0, 
datapath__397: graph_plotter__GB0, 
logic__1350: graphing_calculator_top__GC0, 
logic__897: graphing_calculator_top__GC0, 
case__391: graphing_calculator_top__GC0, 
muxpart__64: graphing_calculator_top__GC0, 
case__327: graphing_calculator_top__GC0, 
dsp48e1__39: graph_plotter__GB0, 
case__715: project_top__GCB1, 
datapath__130: project_top__GCB0, 
logic__1619: graph_plotter__GB0, 
logic__118: project_top__GCB1, 
logic__1842: project_top__GCB1, 
case__262: graphing_calculator_top__GC0, 
case__218: graphing_calculator_top__GC0, 
logic__1588: graph_plotter__GB0, 
logic__1794: project_top__GCB1, 
datapath__152: graphing_calculator_top__GC0, 
logic__1084: graphing_calculator_top__GC0, 
datapath__108: project_top__GCB0, 
case__221: graphing_calculator_top__GC0, 
reg__16: project_top__GCB0, 
logic__46: project_top__GCB1, 
muxpart__13: project_top__GCB0, 
logic__1204: graphing_calculator_top__GC0, 
datapath__23: project_top__GCB1, 
dsp48e1__69: project_top__GCB1, 
muxpart__89: graphing_calculator_top__GC0, 
case__154: graphing_calculator_top__GC0, 
datapath__137: project_top__GCB0, 
datapath__27: project_top__GCB0, 
case__486: graphing_calculator_top__GC0, 
case__380: graphing_calculator_top__GC0, 
logic__1616: graph_plotter__GB0, 
logic__866: graphing_calculator_top__GC0, 
logic__1173: graphing_calculator_top__GC0, 
reg__58: graphing_calculator_top__GC0, 
logic__1967: project_top__GCB1, 
case__550: graph_plotter__GB0, 
logic__1101: graphing_calculator_top__GC0, 
logic__972: graphing_calculator_top__GC0, 
datapath__182: graphing_calculator_top__GC0, 
datapath__408: graph_plotter__GB0, 
logic__1862: project_top__GCB1, 
counter__1: project_top__GCB0, 
case__419: graphing_calculator_top__GC0, 
case__275: graphing_calculator_top__GC0, 
datapath__374: graph_plotter__GB0, 
logic__1091: graphing_calculator_top__GC0, 
datapath__222: graphing_calculator_top__GC0, 
logic__1748: project_top__GCB1, 
case__271: graphing_calculator_top__GC0, 
logic__2096: project_top__GCB0, 
case__116: graphing_calculator_top__GC0, 
datapath__340: graph_plotter__GB0, 
reg__69: graph_plotter__GB0, 
logic__896: graphing_calculator_top__GC0, 
logic__1227: graphing_calculator_top__GC0, 
logic__1804: project_top__GCB1, 
logic__492: project_top__GCB0, 
case__56: project_top__GCB0, 
datapath__447: project_top__GCB1, 
case__2: project_top__GCB1, 
keep__1: graphing_calculator_top__GC0, 
logic__413: project_top__GCB0, 
case__190: graphing_calculator_top__GC0, 
logic__1414: graph_plotter__GB1, graph_plotter__GB0, 
muxpart__101: graphing_calculator_top__GC0, 
counter__6: project_top__GCB1, 
logic__1822: project_top__GCB1, 
case__456: graphing_calculator_top__GC0, 
case__201: graphing_calculator_top__GC0, 
case__767: project_top__GCB0, 
case__712: project_top__GCB1, 
datapath__403: graph_plotter__GB0, 
logic__936: graphing_calculator_top__GC0, 
muxpart__36: project_top__GCB0, 
datapath__154: graphing_calculator_top__GC0, 
case__489: graphing_calculator_top__GC0, 
reg__53: graphing_calculator_top__GC0, 
logic__997: graphing_calculator_top__GC0, 
logic__1558: graph_plotter__GB0, 
datapath__255: graphing_calculator_top__GC0, 
case__398: graphing_calculator_top__GC0, 
datapath__30: project_top__GCB0, 
case__781: project_top__GCB0, 
logic__796: graphing_calculator_top__GC0, 
logic__1833: project_top__GCB1, 
logic__276: project_top__GCB0, 
case__141: graphing_calculator_top__GC0, 
logic__2071: project_top__GCB0, 
case__479: graphing_calculator_top__GC0, 
case__389: graphing_calculator_top__GC0, 
case__112: project_top__GCB0, 
logic__693: graphing_calculator_top__GC0, 
muxpart__59: graphing_calculator_top__GC0, 
datapath__343: graph_plotter__GB0, 
logic__1805: project_top__GCB1, 
datapath__97: project_top__GCB0, 
logic__136: project_top__GCB1, 
case__726: project_top__GCB1, 
logic__216: project_top__GCB1, 
dsp48e1__11: project_top__GCB1, 
dsp48e1__30: graph_plotter__GB0, 
logic__1373: graphing_calculator_top__GC0, 
logic__820: graphing_calculator_top__GC0, 
dsp48e1__49: graph_plotter__GB0, 
case__80: project_top__GCB0, 
datapath__501: project_top__GCB1, 
case__521: graph_plotter__GB1, 
case__268: graphing_calculator_top__GC0, 
logic__763: graphing_calculator_top__GC0, 
datapath__319: graph_plotter__GB1, 
muxpart__104: graphing_calculator_top__GC0, 
logic__2067: project_top__GCB0, 
datapath__92: project_top__GCB0, 
case__487: graphing_calculator_top__GC0, 
datapath__505: project_top__GCB1, 
case__744: project_top__GCB1, 
datapath__360: graph_plotter__GB0, 
datapath__321: graph_plotter__GB1, 
keypad_logic_module: graphing_calculator_top__GC0, 
datapath__126: project_top__GCB0, 
logic__379: project_top__GCB0, 
case__418: graphing_calculator_top__GC0, 
logic__146: project_top__GCB1, 
logic__592: project_top__GCB0, 
logic__1076: graphing_calculator_top__GC0, 
case__83: project_top__GCB0, 
case__366: graphing_calculator_top__GC0, 
logic__2101: project_top__GCB0, 
case__632: graphing_calculator_top__GC0, 
muxpart__173: project_top__GCB1, 
logic__1582: graph_plotter__GB0, 
logic__1520: graph_plotter__GB0, 
datapath__51: project_top__GCB0, 
case__39: project_top__GCB0, 
datapath__70: project_top__GCB0, 
logic__1741: project_top__GCB1, 
logic__2064: project_top__GCB0, 
case__63: project_top__GCB0, 
case__272: graphing_calculator_top__GC0, 
case__285: graphing_calculator_top__GC0, 
logic__468: project_top__GCB0, 
case__661: project_top__GCB1, 
logic__543: project_top__GCB0, 
dsp48e1__34: graph_plotter__GB0, 
muxpart__40: graphing_calculator_top__GC0, 
case__551: graph_plotter__GB0, 
case__426: graphing_calculator_top__GC0, 
case__766: project_top__GCB0, 
reg__13: project_top__GCB0, 
case__785: project_top__GCB0, 
case__497: graphing_calculator_top__GC0, 
muxpart__82: graphing_calculator_top__GC0, 
reg__83: project_top__GCB1, 
logic__1011: graphing_calculator_top__GC0, 
datapath__356: graph_plotter__GB0, 
case__713: project_top__GCB1, 
logic__1329: graphing_calculator_top__GC0, 
datapath__309: graph_plotter__GB1, 
case__291: graphing_calculator_top__GC0, 
case__675: project_top__GCB1, 
logic__1800: project_top__GCB1, 
case__155: graphing_calculator_top__GC0, 
logic__457: project_top__GCB0, 
case__33: project_top__GCB0, 
logic__1461: graph_plotter__GB1, 
logic__1233: graphing_calculator_top__GC0, 
case__140: graphing_calculator_top__GC0, 
datapath__492: project_top__GCB1, 
case__771: project_top__GCB0, 
datapath__258: graphing_calculator_top__GC0, 
logic__1443: graph_plotter__GB1, 
logic__2022: project_top__GCB1, 
datapath__110: project_top__GCB0, 
muxpart__70: graphing_calculator_top__GC0, 
reg__68: graph_plotter__GB1, 
logic__135: project_top__GCB1, 
logic__726: graphing_calculator_top__GC0, 
case__350: graphing_calculator_top__GC0, 
case__714: project_top__GCB1, 
reg: project_top__GCB0, 
case__417: graphing_calculator_top__GC0, 
case__86: project_top__GCB0, 
logic__1145: graphing_calculator_top__GC0, 
datapath__123: project_top__GCB0, 
logic__191: project_top__GCB1, 
case__76: project_top__GCB0, 
datapath__279: graphing_calculator_top__GC0, 
dsp48e1__45: graph_plotter__GB0, 
case__635: graphing_calculator_top__GC0, 
datapath__198: graphing_calculator_top__GC0, 
logic__770: graphing_calculator_top__GC0, 
logic__2063: project_top__GCB0, 
logic__1420: graph_plotter__GB1, graph_plotter__GB0, 
logic__1078: graphing_calculator_top__GC0, 
case__303: graphing_calculator_top__GC0, 
logic__1705: project_top__GCB1, 
datapath__112: project_top__GCB0, 
logic__963: graphing_calculator_top__GC0, 
case__774: project_top__GCB0, 
datapath__266: graphing_calculator_top__GC0, 
case__135: graphing_calculator_top__GC0, 
logic__1144: graphing_calculator_top__GC0, 
case__96: project_top__GCB0, 
case__87: project_top__GCB0, 
logic__1536: graph_plotter__GB1, 
logic__1801: project_top__GCB1, 
logic__2030: project_top__GCB1, 
case__119: graphing_calculator_top__GC0, 
case__60: project_top__GCB0, 
logic__854: graphing_calculator_top__GC0, 
muxpart__179: project_top__GCB1, 
logic__477: project_top__GCB0, 
logic__1152: graphing_calculator_top__GC0, 
logic__1429: graph_plotter__GB1, graph_plotter__GB0, 
datapath__507: project_top__GCB1, 
logic__1406: graphing_calculator_top__GC0, 
logic__802: graphing_calculator_top__GC0, 
logic__1715: project_top__GCB1, 
case__396: graphing_calculator_top__GC0, 
case__202: graphing_calculator_top__GC0, 
logic__872: graphing_calculator_top__GC0, 
logic__29: project_top__GCB1, 
muxpart__57: graphing_calculator_top__GC0, 
logic__813: graphing_calculator_top__GC0, 
muxpart__184: project_top__GCB1, 
case__208: graphing_calculator_top__GC0, 
dsp48e1__20: graph_plotter__GB0, 
case__41: project_top__GCB0, 
case__629: graphing_calculator_top__GC0, 
datapath__213: graphing_calculator_top__GC0, 
logic__735: graphing_calculator_top__GC0, 
datapath__201: graphing_calculator_top__GC0, 
logic__1884: project_top__GCB1, 
case__585: graph_plotter__GB1, 
logic__116: project_top__GCB1, 
datapath__144: project_top__GCB0, 
reg__2: project_top__GCB0, 
logic__161: project_top__GCB1, 
logic__1: project_top__GCB0, 
logic__833: graphing_calculator_top__GC0, 
case__461: graphing_calculator_top__GC0, 
datapath__455: project_top__GCB1, 
reg__3: project_top__GCB0, 
datapath__379: graph_plotter__GB0, 
case__359: graphing_calculator_top__GC0, 
case__264: graphing_calculator_top__GC0, 
datapath__171: graphing_calculator_top__GC0, 
logic__1707: project_top__GCB1, 
case__239: graphing_calculator_top__GC0, 
reg__104: project_top__GCB1, 
datapath__388: graph_plotter__GB0, 
logic__618: project_top__GCB0, 
datapath__337: graph_plotter__GB0, 
logic__223: project_top__GCB1, 
dsp48e1: project_top__GCB1, 
logic__1357: graphing_calculator_top__GC0, 
case__769: project_top__GCB0, 
case__503: graphing_calculator_top__GC0, 
case__115: graphing_calculator_top__GC0, 
reg__8: project_top__GCB0, 
muxpart__141: graph_plotter__GB1, 
logic__862: graphing_calculator_top__GC0, 
logic__1430: graph_plotter__GB1, 
case__376: graphing_calculator_top__GC0, 
datapath__313: graph_plotter__GB1, 
datapath__31: project_top__GCB0, 
reg__29: graphing_calculator_top__GC0, 
case__574: graph_plotter__GB0, 
datapath__378: graph_plotter__GB0, 
case__758: project_top__GCB0, 
datapath__435: graph_plotter__GB0, 
case__717: project_top__GCB1, 
dsp48e1__65: project_top__GCB1, 
logic__1435: graph_plotter__GB1, 
logic__2007: project_top__GCB1, 
logic__2003: project_top__GCB1, 
logic__932: graphing_calculator_top__GC0, 
case__500: graphing_calculator_top__GC0, 
logic__142: project_top__GCB1, 
datapath__391: graph_plotter__GB0, 
case__282: graphing_calculator_top__GC0, 
logic__1730: project_top__GCB1, 
reg__93: project_top__GCB1, 
case__54: project_top__GCB0, 
logic__2020: project_top__GCB1, 
case__621: graphing_calculator_top__GC0, 
muxpart__75: graphing_calculator_top__GC0, 
datapath__143: project_top__GCB0, 
logic__1649: graph_plotter__GB0, 
logic__1615: graph_plotter__GB0, 
case__287: graphing_calculator_top__GC0, 
logic__1304: graphing_calculator_top__GC0, 
case__71: project_top__GCB0, 
logic__1998: project_top__GCB1, 
datapath__254: graphing_calculator_top__GC0, 
logic__855: graphing_calculator_top__GC0, 
datapath__357: graph_plotter__GB0, 
datapath__252: graphing_calculator_top__GC0, 
logic__1354: graphing_calculator_top__GC0, 
muxpart__48: graphing_calculator_top__GC0, 
case__707: project_top__GCB1, 
case__111: project_top__GCB0, 
case__109: project_top__GCB0, 
datapath__39: project_top__GCB0, 
case__491: graphing_calculator_top__GC0, 
reg__43: graphing_calculator_top__GC0, 
muxpart__122: graphing_calculator_top__GC0, 
logic__182: project_top__GCB1, 
case__553: graph_plotter__GB0, 
datapath__508: project_top__GCB1, 
logic__1402: graphing_calculator_top__GC0, 
case__579: graph_plotter__GB0, 
datapath__96: project_top__GCB0, 
datapath__73: project_top__GCB0, 
pixel_output_generator: graphing_calculator_top__GC0, 
datapath__480: project_top__GCB1, 
muxpart__97: graphing_calculator_top__GC0, 
case__483: graphing_calculator_top__GC0, 
case__412: graphing_calculator_top__GC0, 
muxpart__42: graphing_calculator_top__GC0, 
logic__2104: project_top__GCB0, 
datapath__63: project_top__GCB0, 
case__587: graph_plotter__GB0, 
case__404: graphing_calculator_top__GC0, 
logic__1028: graphing_calculator_top__GC0, 
datapath__283: graphing_calculator_top__GC0, 
graphing_calculator_top__GC0: graphing_calculator_top__GC0, 
case__229: graphing_calculator_top__GC0, 
case__3: project_top__GCB1, 
datapath__353: graph_plotter__GB0, 
logic__785: graphing_calculator_top__GC0, 
case__48: project_top__GCB0, 
dsp48e1__46: graph_plotter__GB0, 
muxpart__182: project_top__GCB1, 
logic__595: project_top__GCB0, 
case__150: graphing_calculator_top__GC0, 
case__648: project_top__GCB1, 
dsp48e1__25: graph_plotter__GB0, 
case__392: graphing_calculator_top__GC0, 
datapath__195: graphing_calculator_top__GC0, 
case__541: graph_plotter__GB1, 
case__378: graphing_calculator_top__GC0, 
case__290: graphing_calculator_top__GC0, 
oled_display__parameterized0: project_top__GCB0, 
logic__1247: graphing_calculator_top__GC0, 
case__454: graphing_calculator_top__GC0, 
datapath__196: graphing_calculator_top__GC0, 
logic__21: project_top__GCB1, 
case__72: project_top__GCB0, 
case__544: graph_plotter__GB1, 
datapath__334: graph_plotter__GB0, 
logic__1876: project_top__GCB1, 
logic__128: project_top__GCB1, 
dsp48e1__61: graph_plotter__GB0, 
reg__25: graphing_calculator_top__GC0, 
reg__89: project_top__GCB1, 
datapath__147: project_top__GCB0, 
case__749: project_top__GCB0, 
case__546: graph_plotter__GB0, 
muxpart__54: graphing_calculator_top__GC0, 
muxpart__38: graphing_calculator_top__GC0, 
case__514: graph_plotter__GB1, 
logic__1517: graph_plotter__GB0, 
logic__507: project_top__GCB0, 
logic__1399: graphing_calculator_top__GC0, 
muxpart__73: graphing_calculator_top__GC0, 
muxpart__131: graphing_calculator_top__GC0, 
datapath__348: graph_plotter__GB0, 
case__647: project_top__GCB1, 
case__120: graphing_calculator_top__GC0, 
case__84: project_top__GCB0, 
datapath__314: graph_plotter__GB1, 
datapath__494: project_top__GCB1, 
datapath__74: project_top__GCB0, 
datapath__116: project_top__GCB0, 
case__53: project_top__GCB0, 
datapath__200: graphing_calculator_top__GC0, 
dsp48e1__17: graphing_calculator_top__GC0, 
datapath__469: project_top__GCB1, 
case__575: graph_plotter__GB0, 
datapath__234: graphing_calculator_top__GC0, 
logic__1839: project_top__GCB1, 
case__280: graphing_calculator_top__GC0, 
logic__749: graphing_calculator_top__GC0, 
muxpart__81: graphing_calculator_top__GC0, 
case__694: project_top__GCB1, 
datapath__412: graph_plotter__GB0, 
case__170: graphing_calculator_top__GC0, 
reg__79: graphing_calculator_top__GC0, 
case__425: graphing_calculator_top__GC0, 
datapath__204: graphing_calculator_top__GC0, 
case__73: project_top__GCB0, 
case__485: graphing_calculator_top__GC0, 
logic__1570: graph_plotter__GB0, 
logic__1202: graphing_calculator_top__GC0, 
case__472: graphing_calculator_top__GC0, 
case__177: graphing_calculator_top__GC0, 
small_font_rom: project_top__GCB1, 
logic__1022: graphing_calculator_top__GC0, 
datapath__308: graph_plotter__GB1, graph_plotter__GB0, 
datapath__261: graphing_calculator_top__GC0, 
case__265: graphing_calculator_top__GC0, 
case__676: project_top__GCB1, 
datapath__448: project_top__GCB1, 
datapath__160: graphing_calculator_top__GC0, 
logic__134: project_top__GCB1, 
case__625: graphing_calculator_top__GC0, 
datapath__300: graph_plotter__GB1, graph_plotter__GB0, 
logic__572: project_top__GCB0, 
logic__1646: graph_plotter__GB0, 
case__641: project_top__GCB1, 
case__199: graphing_calculator_top__GC0, 
logic__87: project_top__GCB1, 
datapath__239: graphing_calculator_top__GC0, 
datapath__464: project_top__GCB1, 
datapath__173: graphing_calculator_top__GC0, 
case__467: graphing_calculator_top__GC0, 
muxpart__106: graphing_calculator_top__GC0, 
dsp48e1__67: project_top__GCB1, 
datapath__102: project_top__GCB0, 
case__26: project_top__GCB0, 
case__463: graphing_calculator_top__GC0, 
datapath__232: graphing_calculator_top__GC0, 
menu_logic_module: graphing_calculator_top__GC0, 
datapath__101: project_top__GCB0, 
subtract_function: project_top__GCB0, 
reg__85: project_top__GCB1, 
datapath__2: project_top__GCB0, 
logic__799: graphing_calculator_top__GC0, 
case__464: graphing_calculator_top__GC0, 
logic__2073: project_top__GCB0, 
logic__987: graphing_calculator_top__GC0, 
logic__137: project_top__GCB1, 
reg__37: graphing_calculator_top__GC0, 
logic__985: graphing_calculator_top__GC0, 
muxpart__128: graphing_calculator_top__GC0, 
logic__40: project_top__GCB1, 
case__427: graphing_calculator_top__GC0, 
logic__19: project_top__GCB1, 
logic__1434: graph_plotter__GB1, 
datapath__133: project_top__GCB0, 
datapath__243: graphing_calculator_top__GC0, 
logic__2028: project_top__GCB1, 
case__373: graphing_calculator_top__GC0, 
reg__18: project_top__GCB0, 
datapath__212: graphing_calculator_top__GC0, 
logic__1516: graph_plotter__GB0, 
logic__525: project_top__GCB0, 
logic__691: project_top__GCB0, 
datapath__136: project_top__GCB0, 
case__363: graphing_calculator_top__GC0, 
datapath__462: project_top__GCB1, 
datapath__17: project_top__GCB1, 
datapath__14: project_top__GCB1, 
case__158: graphing_calculator_top__GC0, 
case__651: project_top__GCB1, 
case__421: graphing_calculator_top__GC0, 
case__684: project_top__GCB1, 
dsp48e1__23: graph_plotter__GB0, 
logic__236: project_top__GCB0, 
case__319: graphing_calculator_top__GC0, 
datapath__352: graph_plotter__GB0, 
logic__1982: project_top__GCB1, 
logic__954: graphing_calculator_top__GC0, 
logic__99: project_top__GCB1, 
logic__2047: project_top__GCB1, 
logic__594: project_top__GCB0, 
datapath__376: graph_plotter__GB0, 
logic__774: graphing_calculator_top__GC0, 
muxpart__47: graphing_calculator_top__GC0, 
datapath__392: graph_plotter__GB0, 
case__780: project_top__GCB0, 
datapath__214: graphing_calculator_top__GC0, 
reg__61: graphing_calculator_top__GC0, 
case__540: graph_plotter__GB1, 
case__301: graphing_calculator_top__GC0, 
datapath__194: graphing_calculator_top__GC0, 
logic__1873: project_top__GCB1, 
logic__2002: project_top__GCB1, 
case__17: project_top__GCB1, 
logic__141: project_top__GCB1, 
case__561: graph_plotter__GB0, 
logic__1248: graphing_calculator_top__GC0, 
logic__1436: graph_plotter__GB1, 
logic__2058: project_top__GCB1, 
reg__99: project_top__GCB1, 
oled_display: project_top__GCB1, 
case__567: graph_plotter__GB0, 
muxpart__114: graphing_calculator_top__GC0, 
logic__1396: graphing_calculator_top__GC0, 
logic__810: graphing_calculator_top__GC0, 
dsp48e1__2: project_top__GCB1, 
datapath__478: project_top__GCB1, 
datapath__440: project_top__GCB1, 
case__772: project_top__GCB1, 
case__46: project_top__GCB0, 
reg__80: graphing_calculator_top__GC0, 
logic__1897: project_top__GCB1, 
logic__977: graphing_calculator_top__GC0, 
case__723: project_top__GCB1, 
datapath__452: project_top__GCB1, 
logic__1168: graphing_calculator_top__GC0, 
datapath__210: graphing_calculator_top__GC0, 
case__62: project_top__GCB0, 
case__401: graphing_calculator_top__GC0, 
logic__976: graphing_calculator_top__GC0, 
logic__1911: project_top__GCB1, 
logic__1061: graphing_calculator_top__GC0, 
case__411: graphing_calculator_top__GC0, 
logic__2015: project_top__GCB1, 
logic__1836: project_top__GCB1, 
logic__1791: project_top__GCB1, 
datapath__385: graph_plotter__GB0, 
logic__1226: graphing_calculator_top__GC0, 
case__695: project_top__GCB1, 
logic__1795: project_top__GCB1, 
dsp48e1__21: graph_plotter__GB0, 
case__143: graphing_calculator_top__GC0, 
case__422: graphing_calculator_top__GC0, 
muxpart__166: project_top__GCB1, 
case__636: graphing_calculator_top__GC0, 
case__171: graphing_calculator_top__GC0, 
logic__1096: graphing_calculator_top__GC0, 
case__147: graphing_calculator_top__GC0, 
case__696: project_top__GCB1, 
case__747: project_top__GCB0, 
logic__519: project_top__GCB0, 
datapath__288: graphing_calculator_top__GC0, 
logic__754: graphing_calculator_top__GC0, 
logic__817: graphing_calculator_top__GC0, 
logic__843: graphing_calculator_top__GC0, 
datapath__169: graphing_calculator_top__GC0, 
datapath__415: graph_plotter__GB0, 
reg__59: graphing_calculator_top__GC0, 
reg__32: graphing_calculator_top__GC0, 
logic__1771: project_top__GCB1, 
case__325: graphing_calculator_top__GC0, 
case__455: graphing_calculator_top__GC0, 
case__75: project_top__GCB0, 
logic__634: project_top__GCB0, 
datapath__244: graphing_calculator_top__GC0, 
muxpart__31: project_top__GCB0, 
muxpart__91: graphing_calculator_top__GC0, 
case__706: project_top__GCB1, 
datapath__328: graph_plotter__GB1, 
case__645: project_top__GCB1, 
logic__166: project_top__GCB1, 
case__562: graph_plotter__GB0, 
case__399: graphing_calculator_top__GC0, 
dsp48e1__57: graph_plotter__GB0, 
datapath__324: graph_plotter__GB1, 
logic__1865: project_top__GCB1, 
case__704: project_top__GCB1, 
case__355: graphing_calculator_top__GC0, 
datapath__273: graphing_calculator_top__GC0, 
logic__1432: graph_plotter__GB1, 
datapath__375: graph_plotter__GB0, 
logic__891: graphing_calculator_top__GC0, 
datapath__149: graphing_calculator_top__GC0, 
datapath__466: project_top__GCB1, 
muxpart__3: project_top__GCB1, 
datapath__365: graph_plotter__GB0, 
case__257: graphing_calculator_top__GC0, 
case__654: project_top__GCB1, 
muxpart__25: project_top__GCB0, 
muxpart__8: project_top__GCB1, 
muxpart__12: project_top__GCB0, 
muxpart__100: graphing_calculator_top__GC0, 
logic__1274: graphing_calculator_top__GC0, 
logic__625: project_top__GCB0, 
logic__376: project_top__GCB0, 
logic__913: graphing_calculator_top__GC0, 
logic__1706: project_top__GCB1, 
logic__1062: graphing_calculator_top__GC0, 
logic__1704: project_top__GCB1, 
case__27: project_top__GCB0, 
datapath__128: project_top__GCB0, 
logic__1870: project_top__GCB1, 
datapath__282: graphing_calculator_top__GC0, 
dsp48e1__41: graph_plotter__GB0, 
case__189: graphing_calculator_top__GC0, 
dsp48e1__66: project_top__GCB1, 
case__669: project_top__GCB1, 
case__78: project_top__GCB0, 
dsp48e1__3: project_top__GCB1, 
extrom: project_top__GCB1, 
case__652: project_top__GCB1, 
datapath__146: project_top__GCB0, 
case__225: graphing_calculator_top__GC0, 
datapath__84: project_top__GCB0, 
case__397: graphing_calculator_top__GC0, 
case__679: project_top__GCB1, 
reg__62: graphing_calculator_top__GC0, 
case__746: project_top__GCB1, 
logic__1655: graph_plotter__GB0, 
case__21: project_top__GCB1, 
logic__84: project_top__GCB1, 
logic__653: project_top__GCB0, 
datapath__59: project_top__GCB0, 
logic__14: project_top__GCB0, 
muxpart__121: graphing_calculator_top__GC0, 
datapath__315: graph_plotter__GB1, 
case__451: graphing_calculator_top__GC0, 
datapath__32: project_top__GCB0, 
case__296: graphing_calculator_top__GC0, 
logic__35: project_top__GCB1, 
case__501: graphing_calculator_top__GC0, 
datapath__438: graph_plotter__GB0, 
case__294: graphing_calculator_top__GC0, 
case__13: project_top__GCB1, 
logic__1999: project_top__GCB1, 
logic__1729: project_top__GCB1, 
logic__365: project_top__GCB0, 
datapath__179: graphing_calculator_top__GC0, 
logic__1417: graph_plotter__GB1, graph_plotter__GB0, 
case__493: graphing_calculator_top__GC0, 
case__284: graphing_calculator_top__GC0, 
logic__1419: graph_plotter__GB1, graph_plotter__GB0, 
case__407: graphing_calculator_top__GC0, 
logic__1032: graphing_calculator_top__GC0, 
case__70: project_top__GCB0, 
case__650: project_top__GCB1, 
case__731: project_top__GCB1, 
logic__79: project_top__GCB1, 
case__43: project_top__GCB0, 
logic__1421: graph_plotter__GB1, graph_plotter__GB0, 
logic__757: graphing_calculator_top__GC0, 
project_top__GCB1: project_top__GCB1, 
datapath__104: project_top__GCB0, 
logic__844: graphing_calculator_top__GC0, 
case__522: graph_plotter__GB1, 
case__438: graphing_calculator_top__GC0, 
case__416: graphing_calculator_top__GC0, 
muxpart__62: graphing_calculator_top__GC0, 
logic__129: project_top__GCB1, 
muxpart__28: project_top__GCB0, 
datapath: project_top__GCB0, 
logic__353: project_top__GCB0, 
datapath__460: project_top__GCB1, 
datapath__327: graph_plotter__GB1, 
logic__615: project_top__GCB0, 
logic__227: project_top__GCB1, 
datapath__16: project_top__GCB1, 
logic__812: graphing_calculator_top__GC0, 
case__34: project_top__GCB0, 
case__526: graph_plotter__GB1, 
reg__45: graphing_calculator_top__GC0, 
case__364: graphing_calculator_top__GC0, 
logic__600: project_top__GCB0, 
datapath__511: project_top__GCB1, 
datapath__42: project_top__GCB0, 
datapath__238: graphing_calculator_top__GC0, 
reg__82: project_top__GCB1, 
case__782: project_top__GCB0, 
reg__107: project_top__GCB1, 
datapath__120: project_top__GCB0, 
logic: project_top__GCB0, 
datapath__420: graph_plotter__GB0, 
logic__372: project_top__GCB0, 
case__474: graphing_calculator_top__GC0, 
case__381: graphing_calculator_top__GC0, 
reg__92: project_top__GCB1, 
datapath__482: project_top__GCB1, 
case__95: project_top__GCB0, 
case__560: graph_plotter__GB0, 
case__450: graphing_calculator_top__GC0, 
logic__978: graphing_calculator_top__GC0, 
datapath__449: project_top__GCB1, 
muxpart__32: project_top__GCB0, 
datapath__304: graph_plotter__GB1, graph_plotter__GB0, 
logic__471: project_top__GCB0, 
reg__54: graphing_calculator_top__GC0, 
muxpart__170: project_top__GCB1, 
datapath__127: project_top__GCB0, 
datapath__151: graphing_calculator_top__GC0, 
case__269: graphing_calculator_top__GC0, 
logic__1004: graphing_calculator_top__GC0, 
logic__1894: project_top__GCB1, 
datapath__305: graph_plotter__GB1, graph_plotter__GB0, 
datapath__387: graph_plotter__GB0, 
muxpart__88: graphing_calculator_top__GC0, 
case__74: project_top__GCB0, 
logic__219: project_top__GCB1, 
case__586: graph_plotter__GB0, 
text_renderer: project_top__GCB1, 
datapath__83: project_top__GCB0, 
case__244: graphing_calculator_top__GC0, 
datapath__418: graph_plotter__GB0, 
case__375: graphing_calculator_top__GC0, 
case__10: project_top__GCB1, 
reg__57: graphing_calculator_top__GC0, 
logic__1918: project_top__GCB1, 
logic__1393: graphing_calculator_top__GC0, 
logic__1830: project_top__GCB1, 
logic__690: project_top__GCB0, 
dsp48e1__18: graph_plotter__GB1, 
logic__912: graphing_calculator_top__GC0, 
case__708: project_top__GCB1, 
confirmation_screen: graphing_calculator_top__GC0, 
logic__999: graphing_calculator_top__GC0, 
datapath__111: project_top__GCB0, 
reg__15: project_top__GCB0, 
case__25: project_top__GCB0, 
case__302: graphing_calculator_top__GC0, 
datapath__11: project_top__GCB1, 
datapath__226: graphing_calculator_top__GC0, 
datapath__117: project_top__GCB0, 
logic__701: graphing_calculator_top__GC0, 
case__103: project_top__GCB0, 
logic__1253: graphing_calculator_top__GC0, 
logic__767: graphing_calculator_top__GC0, 
reg__108: project_top__GCB0, 
add_function: project_top__GCB0, 
case__153: graphing_calculator_top__GC0, 
logic__1332: graphing_calculator_top__GC0, 
case__130: graphing_calculator_top__GC0, 
case__279: graphing_calculator_top__GC0, 
muxpart__14: project_top__GCB0, 
case__231: graphing_calculator_top__GC0, 
datapath__355: graph_plotter__GB0, 
case__313: graphing_calculator_top__GC0, 
case__777: project_top__GCB0, 
logic__1194: graphing_calculator_top__GC0, 
datapath__48: project_top__GCB0, 
datapath__472: project_top__GCB1, 
reg__14: project_top__GCB0, 
logic__246: project_top__GCB0, 
case__321: graphing_calculator_top__GC0, 
datapath__500: project_top__GCB1, 
logic__1823: project_top__GCB1, 
datapath__459: project_top__GCB1, 
case__194: graphing_calculator_top__GC0, 
logic__1515: graph_plotter__GB0, 
logic__1914: project_top__GCB1, 
datapath__335: graph_plotter__GB0, 
reg__47: graphing_calculator_top__GC0, 
case__28: project_top__GCB0, 
reg__27: graphing_calculator_top__GC0, 
dsp48e1__10: project_top__GCB1, 
logic__2069: project_top__GCB0, 
logic__781: graphing_calculator_top__GC0, 
logic__1645: graph_plotter__GB0, 
case__531: graph_plotter__GB1, 
datapath__520: project_top__GCB1, 
logic__1738: project_top__GCB1, 
datapath__50: project_top__GCB0, 
datapath__219: graphing_calculator_top__GC0, 
case__156: graphing_calculator_top__GC0, 
datapath__1: project_top__GCB0, 
datapath__6: project_top__GCB1, 
reg__6: project_top__GCB0, 
datapath__341: graph_plotter__GB0, 
case__161: graphing_calculator_top__GC0, 
logic__6: project_top__GCB0, 
logic__554: project_top__GCB0, 
logic__1610: graph_plotter__GB0, 
datapath__174: graphing_calculator_top__GC0, 
case__367: graphing_calculator_top__GC0, 
logic__513: project_top__GCB0, 
logic__126: project_top__GCB1, 
logic__649: project_top__GCB0, 
logic__361: project_top__GCB0, 
case__270: graphing_calculator_top__GC0, 
logic__1564: graph_plotter__GB0, 
case__385: graphing_calculator_top__GC0, 
muxpart__18: project_top__GCB0, 
datapath__262: graphing_calculator_top__GC0, 
case__49: project_top__GCB0, 
muxpart__172: project_top__GCB1, 
case__283: graphing_calculator_top__GC0, 
logic__716: graphing_calculator_top__GC0, 
logic__583: project_top__GCB0, 
logic__1060: graphing_calculator_top__GC0, 
logic__1713: project_top__GCB1, 
logic__103: project_top__GCB1, 
case__176: graphing_calculator_top__GC0, 
case__219: graphing_calculator_top__GC0, 
datapath__499: project_top__GCB1, 
datapath__286: graphing_calculator_top__GC0, 
datapath__217: graphing_calculator_top__GC0, 
muxpart__130: graphing_calculator_top__GC0, 
case__698: project_top__GCB1, 
logic__720: graphing_calculator_top__GC0, 
reg__113: project_top__GCB0, 
logic__384: project_top__GCB0, 
muxpart__117: graphing_calculator_top__GC0, 
datapath__461: project_top__GCB1, 
case__323: graphing_calculator_top__GC0, 
logic__394: project_top__GCB0, 
logic__1576: graph_plotter__GB0, 
logic__506: project_top__GCB0, 
datapath__510: project_top__GCB1, 
flexible_clock: project_top__GCB1, 
case__157: graphing_calculator_top__GC0, 
datapath__401: graph_plotter__GB0, 
datapath__225: graphing_calculator_top__GC0, 
case__662: project_top__GCB1, 
logic__205: project_top__GCB1, 
muxpart__193: project_top__GCB0, 
logic__1437: graph_plotter__GB1, 
case__387: graphing_calculator_top__GC0, 
logic__1981: project_top__GCB1, 
case__351: graphing_calculator_top__GC0, 
datapath__7: project_top__GCB1, 
case__628: graphing_calculator_top__GC0, 
logic__1487: graph_plotter__GB0, 
datapath__289: graphing_calculator_top__GC0, 
case__298: graphing_calculator_top__GC0, 
datapath__187: graphing_calculator_top__GC0, 
datapath__522: project_top__GCB1, 
reg__39: graphing_calculator_top__GC0, 
logic__1123: graphing_calculator_top__GC0, 
datapath__317: graph_plotter__GB1, 
case__31: project_top__GCB0, 
reg__50: graphing_calculator_top__GC0, 
logic__1261: graphing_calculator_top__GC0, 
case__538: graph_plotter__GB1, 
logic__368: project_top__GCB0, 
case__249: graphing_calculator_top__GC0, 
datapath__21: project_top__GCB1, 
datapath__484: project_top__GCB1, 
logic__2031: project_top__GCB1, 
logic__1184: graphing_calculator_top__GC0, 
datapath__211: graphing_calculator_top__GC0, 
case__42: project_top__GCB0, 
logic__1475: graph_plotter__GB1, 
logic__816: graphing_calculator_top__GC0, 
datapath__230: graphing_calculator_top__GC0, 
equation_display: graphing_calculator_top__GC0, 
logic__441: project_top__GCB0, 
reg__4: project_top__GCB0, 
datapath__45: project_top__GCB0, 
logic__1016: graphing_calculator_top__GC0, 
keep: graphing_calculator_top__GC0, 
logic__197: project_top__GCB1, 
case__37: project_top__GCB0, 
case__274: graphing_calculator_top__GC0, 
case__393: graphing_calculator_top__GC0, 
case__65: project_top__GCB0, 
dsp48e1__53: graph_plotter__GB0, 
logic__524: project_top__GCB0, 
muxpart__22: project_top__GCB0, 
case__247: graphing_calculator_top__GC0, 
logic__602: project_top__GCB0, 
case__441: graphing_calculator_top__GC0, 
case__345: graphing_calculator_top__GC0, 
case__724: project_top__GCB1, 
case__332: graphing_calculator_top__GC0, 
logic__1108: graphing_calculator_top__GC0, 
case__410: graphing_calculator_top__GC0, 
case__687: project_top__GCB1, 
logic__1182: graphing_calculator_top__GC0, 
logic__892: graphing_calculator_top__GC0, 
logic__1636: graph_plotter__GB0, 
logic__580: project_top__GCB0, 
logic__798: graphing_calculator_top__GC0, 
case__588: graph_plotter__GB0, 
logic__1618: graph_plotter__GB0, 
logic__119: project_top__GCB1, 
case__763: project_top__GCB0, 
logic__1268: graphing_calculator_top__GC0, 
datapath__470: project_top__GCB1, 
logic__567: project_top__GCB0, 
case__125: graphing_calculator_top__GC0, 
logic__1082: graphing_calculator_top__GC0, 
muxpart__9: project_top__GCB0, 
logic__1314: graphing_calculator_top__GC0, 
datapath__270: graphing_calculator_top__GC0, 
case__235: graphing_calculator_top__GC0, 
case__8: project_top__GCB1, 
logic__1546: graph_plotter__GB0, 
logic__1808: project_top__GCB1, 
datapath__292: graphing_calculator_top__GC0, 
case__446: graphing_calculator_top__GC0, 
datapath__4: project_top__GCB1, 
case__511: graph_plotter__GB1, graph_plotter__GB0, 
case__57: project_top__GCB0, 
datapath__260: graphing_calculator_top__GC0, 
datapath__5: project_top__GCB1, 
logic__1284: graphing_calculator_top__GC0, 
case__305: graphing_calculator_top__GC0, 
muxpart__136: graph_plotter__GB1, graph_plotter__GB0, 
dsp48e1__33: graph_plotter__GB0, 
muxpart__169: project_top__GCB1, 
extrom__2: project_top__GCB1, 
datapath__183: graphing_calculator_top__GC0, 
logic__1027: graphing_calculator_top__GC0, 
datapath__429: graph_plotter__GB0, 
muxpart__79: graphing_calculator_top__GC0, 
datapath__423: graph_plotter__GB0, 
datapath__431: graph_plotter__GB0, 
case__121: graphing_calculator_top__GC0, 
datapath__158: graphing_calculator_top__GC0, 
case__232: graphing_calculator_top__GC0, 
case__250: graphing_calculator_top__GC0, 
case__148: graphing_calculator_top__GC0, 
logic__243: project_top__GCB0, 
reg__75: graph_plotter__GB0, 
logic__1489: graph_plotter__GB0, 
case__729: project_top__GCB1, 
case__765: project_top__GCB0, 
muxpart__202: project_top__GCB0, 
datapath__432: graph_plotter__GB0, 
logic__160: project_top__GCB1, 
dsp48e1__68: project_top__GCB1, 
logic__890: graphing_calculator_top__GC0, 
case__432: graphing_calculator_top__GC0, 
muxpart__181: project_top__GCB1, 
logic__2057: project_top__GCB1, 
datapath__132: project_top__GCB0, 
dsp48e1__28: graph_plotter__GB0, 
datapath__399: graph_plotter__GB0, 
muxpart__174: project_top__GCB1, 
case__637: graphing_calculator_top__GC0, 
logic__819: graphing_calculator_top__GC0, 
datapath__444: project_top__GCB1, 
datapath__285: graphing_calculator_top__GC0, 
case__255: graphing_calculator_top__GC0, 
datapath__369: graph_plotter__GB0, 
logic__1318: graphing_calculator_top__GC0, 
logic__391: project_top__GCB0, 
muxpart__17: project_top__GCB0, 
case__623: graphing_calculator_top__GC0, 
case__681: project_top__GCB1, 
datapath__518: project_top__GCB1, 
reg__5: project_top__GCB0, 
logic__1310: graphing_calculator_top__GC0, 
logic__1725: project_top__GCB1, 
logic__1790: project_top__GCB1, 
case__517: graph_plotter__GB1, 
logic__70: project_top__GCB1, 
case__93: project_top__GCB0, 
case__658: project_top__GCB1, 
logic__1029: graphing_calculator_top__GC0, 
case__258: graphing_calculator_top__GC0, 
case__369: graphing_calculator_top__GC0, 
case__664: project_top__GCB1, 
case__620: graphing_calculator_top__GC0, 
datapath__241: graphing_calculator_top__GC0, 
case__761: project_top__GCB0, 
logic__1150: graphing_calculator_top__GC0, 
logic__800: graphing_calculator_top__GC0, 
input_screen_renderer: project_top__GCB0, 
logic__700: graphing_calculator_top__GC0, 
case__480: graphing_calculator_top__GC0, 
datapath__206: graphing_calculator_top__GC0, 
extrom__1: project_top__GCB1, 
case__406: graphing_calculator_top__GC0, 
case__12: project_top__GCB1, 
datapath__454: project_top__GCB1, 
case__68: project_top__GCB0, 
case__50: project_top__GCB0, 
case__234: graphing_calculator_top__GC0, 
logic__39: project_top__GCB1, 
case__288: graphing_calculator_top__GC0, 
datapath__79: project_top__GCB0, 
case__347: graphing_calculator_top__GC0, 
logic__1164: graphing_calculator_top__GC0, 
datapath__517: project_top__GCB1, 
case__566: graph_plotter__GB0, 
logic__1203: graphing_calculator_top__GC0, 
case__672: project_top__GCB1, 
logic__1478: graph_plotter__GB0, 
case__22: project_top__GCB0, 
