reg__88: reg__88
datapath__128: datapath__128
logic__1290: logic__1290
logic__1614: logic__1614
case__400: case__400
muxpart__122: muxpart__122
case__758: case__758
dsp48e1__59: dsp48e1__59
case__333: case__333
case__413: case__413
case__735: case__735
case__124: case__124
datapath__214: datapath__214
logic__1305: logic__1305
logic__1167: logic__1167
logic__121: logic__121
logic__450: logic__450
datapath__464: datapath__464
logic__53: logic__53
case__461: case__461
dsp48e1__33: dsp48e1__33
case__10: case__10
case__135: case__135
datapath__542: datapath__297
case__526: case__526
muxpart__173: muxpart__173
logic__653: logic__653
logic__1548: logic__1548
reg__45: reg__45
datapath__204: datapath__204
counter__7: counter__7
datapath__295: datapath__295
case__531: case__531
case__202: case__202
case__279: case__279
case__661: case__661
datapath__462: datapath__462
datapath__69: datapath__69
muxpart__76: muxpart__76
datapath__507: datapath__507
datapath__433: datapath__433
datapath__370: datapath__370
logic__2119: logic__6
datapath__448: datapath__448
case__769: case__769
datapath__222: datapath__222
case__680: case__680
datapath__469: datapath__469
logic__758: logic__758
case__335: case__335
logic__1475: logic__1475
case__782: case__782
case__558: case__558
logic__1824: logic__1824
logic__1437: logic__1437
datapath__317: datapath__317
logic__2: logic__2
muxpart__8: muxpart__8
logic__49: logic__49
logic__2110: logic__1420
logic__775: logic__775
logic__1393: logic__1393
case__496: case__496
case__706: case__706
reg__140: reg__3
datapath__34: datapath__34
muxpart__30: muxpart__30
datapath__543: datapath__296
divide_function: divide_function
logic__1251: logic__1251
logic__1170: logic__1170
logic__465: logic__465
logic__2137: logic__2
muxpart__181: muxpart__181
logic__1897: logic__1897
datapath__79: datapath__79
pixel_output_generator: pixel_output_generator
case__330: case__330
logic__1876: logic__1876
datapath__183: datapath__183
logic__813: logic__813
logic__1741: logic__1741
logic__1726: logic__1726
datapath__358: datapath__358
datapath__397: datapath__397
logic__1791: logic__1791
datapath__508: datapath__508
datapath__374: datapath__374
datapath__341: datapath__341
datapath__395: datapath__395
logic__444: logic__444
muxpart__167: muxpart__167
logic__917: logic__917
datapath__270: datapath__270
datapath__11: datapath__11
logic__2104: logic__2104
case__568: case__568
case__331: case__331
logic__819: logic__819
logic__799: logic__799
logic__820: logic__820
datapath__518: datapath__518
case__88: case__88
datapath__23: datapath__23
reg__101: reg__101
case__634: case__634
logic__997: logic__997
case__510: case__510
logic__2024: logic__2024
logic__1588: logic__1588
muxpart__84: muxpart__84
logic__2114: logic__1414
case__36: case__36
logic__914: logic__914
datapath__289: datapath__289
logic__872: logic__872
logic__1047: logic__1047
logic__1478: logic__1478
logic__63: logic__63
muxpart__183: muxpart__183
muxpart__193: muxpart__193
case__707: case__707
logic__249: logic__249
logic__64: logic__64
case__109: case__109
logic__867: logic__867
logic__1795: logic__1795
logic__1506: logic__1506
logic__50: logic__50
datapath__517: datapath__517
datapath__460: datapath__460
datapath__307: datapath__307
muxpart__11: muxpart__11
logic__1616: logic__1616
case__512: case__512
logic__1918: logic__1918
logic__735: logic__735
datapath__515: datapath__515
logic__778: logic__778
datapath__296: datapath__296
case__2: case__2
ti85_display_module: ti85_display_module
counter: counter
logic__1656: logic__1656
logic__299: logic__299
case__654: case__654
dsp48e1__39: dsp48e1__39
reg__91: reg__91
case__341: case__341
logic__1370: logic__1370
datapath__217: datapath__217
reg__137: reg__6
case__750: case__750
datapath__293: datapath__293
logic__1318: logic__1318
logic__979: logic__979
case__288: case__288
logic__103: logic__103
case__375: case__375
oled_display__parameterized0: oled_display__parameterized0
case__348: case__348
logic__595: logic__595
logic__146: logic__146
datapath__247: datapath__247
datapath__246: datapath__246
datapath__274: datapath__274
case__745: case__745
datapath__196: datapath__196
muxpart__40: muxpart__40
confirmation_screen: confirmation_screen
logic__1431: logic__1431
case__555: case__555
logic__763: logic__763
case__704: case__704
counter__8: counter__8
case__268: case__268
logic__1201: logic__1201
reg__132: reg__4
datapath__332: datapath__332
case__465: case__465
case__652: case__652
logic__622: logic__622
counter__22: counter
logic__844: logic__844
logic__2132: logic__14
logic__1487: logic__1487
logic__1964: logic__1964
muxpart__47: muxpart__47
muxpart__67: muxpart__67
logic__700: logic__700
logic__1915: logic__1915
logic__426: logic__426
reg__141: reg__2
logic__1582: logic__1582
dsp48e1__45: dsp48e1__45
datapath__301: datapath__301
case__678: case__678
logic__216: logic__216
logic__1006: logic__1006
reg__98: reg__98
reg__22: reg__22
case__671: case__671
case__448: case__448
datapath__461: datapath__461
logic__1422: logic__1422
logic__1635: logic__1635
case__647: case__647
datapath__67: datapath__67
logic__770: logic__770
datapath__403: datapath__403
logic__264: logic__264
logic__1095: logic__1095
datapath__302: datapath__302
logic__73: logic__73
case__446: case__446
datapath__271: datapath__271
case__95: case__95
logic__2015: logic__2015
datapath__28: datapath__28
case__579: case__579
logic__1231: logic__1231
datapath__330: datapath__330
case__731: case__731
datapath__466: datapath__466
datapath__360: datapath__360
equation_input_module: equation_input_module
datapath__524: datapath__524
case__40: case__40
counter__20: counter__2
counter__17: counter__2
logic__594: logic__594
muxpart__27: muxpart__27
logic__904: logic__904
logic__2118: logic__9
case__86: case__86
logic__1405: logic__1405
case__643: case__643
case__691: case__691
case__349: case__349
datapath__470: datapath__470
muxpart__142: muxpart__142
datapath__381: datapath__381
muxpart__31: muxpart__31
logic__1266: logic__1266
case__420: case__420
reg__24: reg__24
logic__1455: logic__1455
dsp48e1__66: dsp48e1__66
reg__76: reg__76
datapath__248: datapath__248
reg__114: reg__8
logic__493: logic__493
case__763: case__763
logic__1250: logic__1250
datapath__99: datapath__99
case__721: case__721
datapath__179: datapath__179
case__698: case__698
logic__142: logic__142
logic__1139: logic__1139
case__527: case__527
case__150: case__150
case__518: case__518
logic__583: logic__583
logic__2074: logic__2074
case__631: case__631
datapath__391: datapath__391
flexible_clock: flexible_clock
logic__397: logic__397
datapath__388: datapath__388
muxpart__98: muxpart__98
logic__90: logic__90
datapath__329: datapath__329
datapath__108: datapath__108
muxpart__202: muxpart__202
muxpart__139: muxpart__139
reg__57: reg__57
logic__95: logic__95
reg__82: reg__82
reg__54: reg__54
datapath__43: datapath__43
case__519: case__519
case__3: case__3
case__689: case__689
muxpart__32: muxpart__32
subtract_function: subtract_function
logic__464: logic__464
case__244: case__244
muxpart__66: muxpart__66
case__674: case__674
datapath__124: datapath__124
add_function: add_function
reg__136: reg__7
logic__652: logic__652
case__622: case__622
logic__812: logic__812
case__194: case__194
case__658: case__658
logic__554: logic__554
case__589: case__589
datapath__534: datapath__305
datapath__170: datapath__170
case__520: case__520
logic__76: logic__76
logic__2129: logic__2
logic__1516: logic__1516
datapath__256: datapath__256
logic__832: logic__832
logic__2126: logic__9
case__199: case__199
datapath__50: datapath__50
logic__781: logic__781
case__708: case__708
case__322: case__322
datapath__125: datapath__125
case__339: case__339
reg__109: reg__109
logic__749: logic__749
logic__798: logic__798
case__231: case__231
logic__1985: logic__1985
datapath__184: datapath__184
datapath__525: datapath__525
datapath__216: datapath__216
case__553: case__553
case__289: case__289
case__173: case__173
logic__1280: logic__1280
datapath__357: datapath__357
logic__711: logic__711
case__548: case__548
datapath__510: datapath__510
dsp48e1__34: dsp48e1__34
logic__903: logic__903
case__250: case__250
case__539: case__539
logic__1436: logic__1436
datapath__499: datapath__499
reg__7: reg__7
datapath__531: datapath__308
logic__166: logic__166
logic__645: logic__645
case__685: case__685
case__783: case__783
dsp48e1__68: dsp48e1__68
datapath__291: datapath__291
datapath__454: datapath__454
logic__1617: logic__1617
logic__567: logic__567
logic__1005: logic__1005
case__103: case__103
datapath__375: datapath__375
case__424: case__424
datapath__338: datapath__338
case__269: case__269
case__396: case__396
logic__2105: logic__1429
dsp48e1__32: dsp48e1__32
game_display: game_display
case__302: case__302
case__143: case__143
muxpart__29: muxpart__29
datapath__30: datapath__30
logic__398: logic__398
reg__71: reg__71
muxpart__174: muxpart__174
logic__816: logic__816
datapath__202: datapath__202
datapath__350: datapath__350
logic__800: logic__800
datapath__57: datapath__57
reg__39: reg__39
datapath__135: datapath__135
case__720: case__720
datapath__430: datapath__430
datapath__444: datapath__444
logic__468: logic__468
logic__1189: logic__1189
datapath__88: datapath__88
case__477: case__477
case__655: case__655
case__765: case__765
logic__1888: logic__1888
datapath__85: datapath__85
muxpart__138: muxpart__138
logic__1418: logic__1418
logic__754: logic__754
logic__1529: logic__1529
case__235: case__235
logic__628: logic__628
datapath__215: datapath__215
case__41: case__41
logic__1304: logic__1304
muxpart__109: muxpart__109
datapath__176: datapath__176
datapath__238: datapath__238
datapath__549: datapath__2
case__635: case__635
logic__723: logic__723
case__38: case__38
muxpart__178: muxpart__178
case__478: case__478
case__48: case__48
logic__609: logic__609
case__697: case__697
logic__1967: logic__1967
logic__1482: logic__1482
muxpart__5: muxpart__5
case__494: case__494
logic__1885: logic__1885
datapath__148: datapath__148
case__213: case__213
case__232: case__232
logic__929: logic__929
case__733: case__733
logic__1087: logic__1087
case__313: case__313
case__374: case__374
dsp48e1__1: dsp48e1__1
logic__1729: logic__1729
logic__1086: logic__1086
logic__1056: logic__1056
keypad_logic_module: keypad_logic_module
logic__999: logic__999
case__64: case__64
case__253: case__253
logic__1429: logic__1429
muxpart__25: muxpart__25
logic__1703: logic__1703
muxpart__6: muxpart__6
logic__1789: logic__1789
logic__1761: logic__1761
logic__1903: logic__1903
case__13: case__13
reg__18: reg__18
muxpart__165: muxpart__165
datapath__12: datapath__12
reg__61: reg__61
case__392: case__392
case__132: case__132
debouncer_parent: debouncer_parent
case__211: case__211
case__249: case__249
datapath__421: datapath__421
logic__1199: logic__1199
reg__70: reg__70
case__174: case__174
logic__236: logic__236
logic__492: logic__492
case__193: case__193
case__61: case__61
case__521: case__521
case__562: case__562
muxpart__94: muxpart__94
logic__132: logic__132
logic__1484: logic__1484
logic__767: logic__767
case__472: case__472
datapath__177: datapath__177
logic__1971: logic__1971
logic__1: logic__1
logic__227: logic__227
case__57: case__57
logic__1289: logic__1289
muxpart__51: muxpart__51
case__514: case__514
case__629: case__629
logic__1079: logic__1079
dsp48e1__63: dsp48e1__63
logic__423: logic__423
logic__115: logic__115
logic__2100: logic__2100
datapath__401: datapath__401
logic__1091: logic__1091
reg__20: reg__20
case__129: case__129
logic__1152: logic__1152
logic__1857: logic__1857
case__281: case__281
datapath__259: datapath__259
logic__795: logic__795
muxpart__101: muxpart__101
logic__589: logic__589
case__529: case__529
datapath__450: datapath__450
dsp48e1__64: dsp48e1__64
logic__409: logic__409
reg__51: reg__51
logic__219: logic__219
logic__890: logic__890
logic__601: logic__601
case__26: case__26
dsp48e1__41: dsp48e1__41
datapath__261: datapath__261
logic__1339: logic__1339
case__418: case__418
datapath__265: datapath__265
datapath__379: datapath__379
logic__1802: logic__1802
logic__950: logic__950
case__451: case__451
logic__44: logic__44
case__155: case__155
muxpart__2: muxpart__2
datapath__75: datapath__75
logic__38: logic__38
logic__1420: logic__1420
case__793: case__506
reg__74: reg__74
logic__1536: logic__1536
datapath__157: datapath__157
datapath__493: datapath__493
muxpart__82: muxpart__82
logic__980: logic__980
reg__11: reg__11
datapath__20: datapath__20
case__532: case__532
logic__986: logic__986
logic__1853: logic__1853
logic__1267: logic__1267
case__251: case__251
datapath__308: datapath__308
case__100: case__100
datapath__326: datapath__326
logic__1138: logic__1138
muxpart__20: muxpart__20
reg__83: reg__83
datapath__76: datapath__76
logic__2113: logic__1417
logic__981: logic__981
case__398: case__398
project_top__GCB1: project_top__GCB1
reg__64: reg__64
case__243: case__243
logic__1309: logic__1309
case__642: case__642
case__437: case__437
logic__1576: logic__1576
datapath__551: datapath__2
logic__531: logic__531
reg__8: reg__8
logic__59: logic__59
logic__2145: logic__2
datapath__94: datapath__94
muxpart__13: muxpart__13
case__112: case__112
case__276: case__276
dsp48e1__46: dsp48e1__46
datapath__537: datapath__302
reg__118: reg__4
logic__1610: logic__1610
datapath__532: datapath__307
case__470: case__470
datapath__369: datapath__369
logic__477: logic__477
muxpart__134: muxpart__134
logic__1188: logic__1188
datapath__544: datapath__295
muxpart__46: muxpart__46
datapath__159: datapath__159
case__125: case__125
case__458: case__458
case__212: case__212
muxpart__112: muxpart__112
case__625: case__625
case__179: case__179
case__175: case__175
case__762: case__762
extrom__2: extrom__2
reg__16: reg__16
logic__2095: logic__2095
muxpart: muxpart
case__99: case__99
logic__1842: logic__1842
datapath__523: datapath__523
logic__1904: logic__1904
case__770: case__770
datapath__209: datapath__209
logic__2106: logic__1428
dsp48e1__71: dsp48e1__71
muxpart__56: muxpart__56
logic__441: logic__441
logic__972: logic__972
datapath__550: datapath__1
datapath__15: datapath__15
reg__1: reg__1
logic__1725: logic__1725
datapath__527: datapath__527
reg__67: reg__67
case__773: case__773
logic__46: logic__46
logic__807: logic__807
reg__4: reg__4
logic__1331: logic__1331
case__119: case__119
muxpart__75: muxpart__75
datapath__208: datapath__208
reg__41: reg__41
logic__1997: logic__1997
debounce__4: debounce
case__52: case__52
logic__1346: logic__1346
logic__1078: logic__1078
case__675: case__675
muxpart__50: muxpart__50
logic__1494: logic__1494
datapath__456: datapath__456
case__108: case__108
muxpart__7: muxpart__7
case__699: case__699
case__259: case__259
case__742: case__742
logic__850: logic__850
datapath__299: datapath__299
case__722: case__722
logic__179: logic__179
logic__1814: logic__1814
dsp48e1__31: dsp48e1__31
case__385: case__385
muxpart__34: muxpart__34
muxpart__70: muxpart__70
datapath__498: datapath__498
case__49: case__49
dsp48e1__27: dsp48e1__27
logic__818: logic__818
datapath__495: datapath__495
datapath__32: datapath__32
case__260: case__260
logic__1011: logic__1011
case__28: case__28
reg__95: reg__95
case__316: case__316
muxpart__81: muxpart__81
logic__1822: logic__1822
datapath__346: datapath__346
datapath__467: datapath__467
case__25: case__25
case__286: case__286
datapath__140: datapath__140
case__310: case__310
logic__2108: logic__1422
case__278: case__278
logic__1333: logic__1333
case__6: case__6
datapath__373: datapath__373
datapath__45: datapath__45
logic__133: logic__133
case__404: case__404
logic__471: logic__471
logic__353: logic__353
case__7: case__7
muxpart__87: muxpart__87
logic__1619: logic__1619
dsp48e1__19: dsp48e1__19
datapath__425: datapath__425
case__209: case__209
case__60: case__60
datapath__439: datapath__439
datapath__2: datapath__2
case__137: case__137
logic__1194: logic__1194
case__20: case__20
case__113: case__113
datapath__368: datapath__368
dsp48e1__21: dsp48e1__21
logic__606: logic__606
logic__1330: logic__1330
case__393: case__393
datapath__188: datapath__188
logic__803: logic__803
datapath__111: datapath__111
logic__2072: logic__2072
case__315: case__315
datapath__278: datapath__278
case__240: case__240
datapath__530: datapath__530
logic__1510: logic__1510
case__42: case__42
datapath__400: datapath__400
case__226: case__226
case__192: case__192
datapath__70: datapath__70
reg__127: reg__2
datapath__451: datapath__451
case__224: case__224
project_top__GCB0: project_top__GCB0
logic__379: logic__379
logic__1907: logic__1907
datapath__258: datapath__258
datapath__169: datapath__169
case__262: case__262
extrom__1: extrom__1
digit_rom: digit_rom
reg__124: reg__5
case__430: case__430
case__535: case__535
case__325: case__325
datapath__235: datapath__235
datapath__280: datapath__280
logic__1715: logic__1715
datapath__529: datapath__529
datapath__288: datapath__288
case__241: case__241
logic__208: logic__208
datapath__331: datapath__331
logic__201: logic__201
case__139: case__139
muxpart__97: muxpart__97
datapath__480: datapath__480
case__166: case__166
muxpart__115: muxpart__115
case__522: case__522
datapath__504: datapath__504
case__71: case__71
logic__29: logic__29
case__63: case__63
case__705: case__705
muxpart__118: muxpart__118
logic__600: logic__600
case__757: case__757
logic__530: logic__530
datapath__10: datapath__10
dsp48e1__4: dsp48e1__4
logic__2134: logic__9
reg__25: reg__25
case__580: case__580
datapath__181: datapath__181
logic__1707: logic__1707
reg__68: reg__68
datapath__175: datapath__175
muxpart__103: muxpart__103
logic__939: logic__939
logic__996: logic__996
case__401: case__401
datapath__310: datapath__310
case__72: case__72
case__684: case__684
muxpart__106: muxpart__106
datapath__95: datapath__95
logic__2125: logic__10
logic__1511: logic__1511
logic__2142: logic__9
logic__534: logic__534
datapath__490: datapath__490
case__628: case__628
datapath__73: datapath__73
case__387: case__387
case__230: case__230
datapath__185: datapath__185
counter__12: counter__1
logic__1772: logic__1772
logic__420: logic__420
logic__561: logic__561
logic__2112: logic__1418
datapath__24: datapath__24
case__432: case__432
datapath__231: datapath__231
logic__2052: logic__2052
case__696: case__696
case__695: case__695
datapath__243: datapath__243
oled_display: oled_display
logic__513: logic__513
case__45: case__45
case__504: case__504
logic__1407: logic__1407
case__569: case__569
case__238: case__238
datapath__74: datapath__74
datapath__218: datapath__218
case__364: case__364
case__11: case__11
logic__1164: logic__1164
input_screen_renderer: input_screen_renderer
datapath__344: datapath__344
case__309: case__309
case__156: case__156
case__407: case__407
datapath__25: datapath__25
datapath__416: datapath__416
logic__524: logic__524
datapath__244: datapath__244
case__587: case__587
logic__1649: logic__1649
datapath__98: datapath__98
logic__127: logic__127
reg__93: reg__93
reg__6: reg__6
datapath__322: datapath__322
datapath__162: datapath__162
logic__21: logic__21
logic__947: logic__947
case__210: case__210
logic__1748: logic__1748
datapath__260: datapath__260
case__410: case__410
logic__1492: logic__1492
case__638: case__638
muxpart__166: muxpart__166
case__641: case__641
logic__1933: logic__1933
logic__1743: logic__1743
case__702: case__702
case__789: case__510
case__778: case__778
game_state: game_state
case__157: case__157
logic__2107: logic__1425
logic__1061: logic__1061
case__528: case__528
muxpart__73: muxpart__73
case__264: case__264
datapath__336: datapath__336
datapath__323: datapath__323
case__416: case__416
logic__963: logic__963
logic__1204: logic__1204
counter__10: counter__10
case__369: case__369
dsp48e1__56: dsp48e1__56
reg__62: reg__62
case__550: case__550
datapath__389: datapath__389
case__367: case__367
dsp48e1__5: dsp48e1__5
datapath__228: datapath__228
case__506: case__506
datapath__18: datapath__18
muxpart__136: muxpart__136
dsp48e1__44: dsp48e1__44
muxpart__104: muxpart__104
case__122: case__122
case__98: case__98
logic__1172: logic__1172
dsp48e1__40: dsp48e1__40
logic__1836: logic__1836
logic__542: logic__542
logic__372: logic__372
logic__2070: logic__2070
case__639: case__639
datapath__182: datapath__182
datapath__161: datapath__161
logic__87: logic__87
case__14: case__14
case__277: case__277
logic__1505: logic__1505
logic__1981: logic__1981
case__715: case__715
logic__977: logic__977
keep__5: keep__5
logic__1448: logic__1448
datapath__191: datapath__191
reg__43: reg__43
case__500: case__500
reg__89: reg__89
case__142: case__142
logic__1646: logic__1646
muxpart__14: muxpart__14
dsp48e1__6: dsp48e1__6
case__649: case__649
case__351: case__351
counter__18: counter__1
logic__2061: logic__2061
datapath__207: datapath__207
case__487: case__487
case__317: case__317
datapath__333: datapath__333
case__91: case__91
dsp48e1__47: dsp48e1__47
dsp48e1__58: dsp48e1__58
logic__1545: logic__1545
case__138: case__138
case__790: case__509
case__188: case__188
reg__138: reg__5
logic__774: logic__774
logic__1428: logic__1428
case__479: case__479
case__728: case__728
case__265: case__265
case__583: case__583
datapath__445: datapath__445
case__760: case__760
logic__1914: logic__1914
case__505: case__505
datapath__321: datapath__321
case__70: case__70
datapath__319: datapath__319
logic__2071: logic__2071
case__130: case__130
reg__44: reg__44
case__332: case__332
dsp48e1__48: dsp48e1__48
dsp48e1__65: dsp48e1__65
datapath__487: datapath__487
case__168: case__168
datapath__284: datapath__284
case__460: case__460
logic__1706: logic__1706
case__80: case__80
logic__1483: logic__1483
case__74: case__74
logic__35: logic__35
logic__1549: logic__1549
logic__1900: logic__1900
dsp48e1__30: dsp48e1__30
case__712: case__712
case__556: case__556
reg__15: reg__15
case__76: case__76
logic__898: logic__898
datapath__552: datapath__1
logic__184: logic__184
muxpart__131: muxpart__131
case__492: case__492
case__121: case__121
logic__361: logic__361
case__469: case__469
case__345: case__345
case__306: case__306
datapath__472: datapath__472
logic__1704: logic__1704
logic__2003: logic__2003
datapath__548: datapath__1
datapath__382: datapath__382
logic__1329: logic__1329
case__687: case__687
datapath__120: datapath__120
logic__376: logic__376
logic__1350: logic__1350
datapath__468: datapath__468
case__726: case__726
logic__460: logic__460
logic__2135: logic__6
case__441: case__441
logic__2120: logic__3
small_font_rom: small_font_rom
case__285: case__285
muxpart__179: muxpart__179
logic__1027: logic__1027
case__450: case__450
case__406: case__406
logic__1100: logic__1100
datapath__168: datapath__168
muxpart__9: muxpart__9
datapath__496: datapath__496
logic__2111: logic__1419
logic__693: logic__693
logic__1171: logic__1171
logic__994: logic__994
logic__1114: logic__1114
logic__260: logic__260
datapath__166: datapath__166
case__242: case__242
datapath__210: datapath__210
case__381: case__381
logic__1882: logic__1882
logic__1823: logic__1823
muxpart__124: muxpart__124
case__463: case__463
case__347: case__347
case__50: case__50
logic__598: logic__598
datapath__463: datapath__463
datapath__386: datapath__386
case__544: case__544
logic__2063: logic__2063
datapath__513: datapath__513
logic__593: logic__593
case__123: case__123
logic__1102: logic__1102
datapath__306: datapath__306
logic__809: logic__809
datapath__371: datapath__371
logic__79: logic__79
logic__548: logic__548
case__557: case__557
trig_lut__1: trig_lut
case__151: case__151
case__509: case__509
datapath__213: datapath__213
logic__913: logic__913
muxpart__89: muxpart__89
dsp48e1__42: dsp48e1__42
logic__1180: logic__1180
logic__116: logic__116
case__785: case__785
reg__92: reg__92
datapath__6: datapath__6
datapath__409: datapath__409
case__586: case__586
datapath__121: datapath__121
datapath__309: datapath__309
case__681: case__681
logic__461: logic__461
logic__1435: logic__1435
logic__573: logic__573
logic__1609: logic__1609
logic__354: logic__354
datapath__420: datapath__420
datapath__453: datapath__453
logic__384: logic__384
logic__1003: logic__1003
datapath__438: datapath__438
datapath__313: datapath__313
datapath__240: datapath__240
logic__145: logic__145
logic__1998: logic__1998
datapath__340: datapath__340
case__709: case__709
case__252: case__252
case__372: case__372
case__37: case__37
dsp48e1__20: dsp48e1__20
logic__836: logic__836
datapath__101: datapath__101
multiply_function: multiply_function
reg__125: reg__4
case__303: case__303
muxpart__91: muxpart__91
case__183: case__183
logic__873: logic__873
logic__1202: logic__1202
datapath__251: datapath__251
case__287: case__287
case__65: case__65
case__104: case__104
logic__881: logic__881
case__659: case__659
case__346: case__346
logic__912: logic__912
logic__1406: logic__1406
muxpart__17: muxpart__17
case__501: case__501
datapath__411: datapath__411
logic__165: logic__165
logic__579: logic__579
muxpart__79: muxpart__79
case__454: case__454
datapath__279: datapath__279
case__296: case__296
logic__691: logic__691
reg__133: reg__3
logic__897: logic__897
logic__1804: logic__1804
datapath__77: datapath__77
case__749: case__749
logic__2007: logic__2007
case__554: case__554
case__290: case__290
logic__932: logic__932
case__540: case__540
muxpart__133: muxpart__133
logic__128: logic__128
datapath__337: datapath__337
logic__1357: logic__1357
counter__15: counter__1
reg__28: reg__28
case__395: case__395
logic__1233: logic__1233
dsp48e1__12: dsp48e1__12
keep__3: keep__3
case__68: case__68
logic__2073: logic__2073
logic__2002: logic__2002
case__324: case__324
logic__1399: logic__1399
case__271: case__271
logic__137: logic__137
dsp48e1__25: dsp48e1__25
case__191: case__191
logic__2027: logic__2027
datapath__432: datapath__432
datapath__14: datapath__14
case__307: case__307
logic__1808: logic__1808
logic__134: logic__134
datapath__431: datapath__431
case__781: case__781
logic__1354: logic__1354
logic__1433: logic__1433
datapath__47: datapath__47
reg__34: reg__34
logic__1193: logic__1193
datapath__283: datapath__283
case__85: case__85
logic__10: logic__10
datapath__143: datapath__143
case__233: case__233
logic__141: logic__141
muxpart__176: muxpart__176
logic__56: logic__56
case__624: case__624
case__664: case__664
muxpart__130: muxpart__130
datapath__230: datapath__230
case__356: case__356
dsp48e1__69: dsp48e1__69
muxpart__182: muxpart__182
reg__117: reg__5
case__59: case__59
datapath__106: datapath__106
datapath__171: datapath__171
case__344: case__344
datapath__211: datapath__211
muxpart__72: muxpart__72
datapath__234: datapath__234
case__221: case__221
case__245: case__245
datapath__84: datapath__84
datapath__212: datapath__212
case__483: case__483
case__272: case__272
case__131: case__131
datapath__361: datapath__361
case__627: case__627
font_rom: font_rom
case__665: case__665
case__488: case__488
logic__1636: logic__1636
logic__1612: logic__1612
case__746: case__746
case__660: case__660
logic__1083: logic__1083
datapath__72: datapath__72
case__94: case__94
logic__1801: logic__1801
logic__2128: logic__3
logic__306: logic__306
datapath__428: datapath__428
logic__985: logic__985
logic__518: logic__518
case__485: case__485
logic__854: logic__854
logic__634: logic__634
logic__1800: logic__1800
reg__56: reg__56
datapath__163: datapath__163
reg__12: reg__12
dsp48e1__2: dsp48e1__2
logic__159: logic__159
logic__1999: logic__1999
logic__1805: logic__1805
muxpart__78: muxpart__78
muxpart__36: muxpart__36
datapath__545: datapath__2
logic__748: logic__748
logic__498: logic__498
counter__13: counter
reg__107: reg__107
case__747: case__747
counter__16: counter
output_screen_renderer: output_screen_renderer
case__163: case__163
text_renderer: text_renderer
case__255: case__255
reg__36: reg__36
datapath__190: datapath__190
logic__1081: logic__1081
case__18: case__18
case__767: case__767
logic__70: logic__70
logic__1178: logic__1178
datapath__355: datapath__355
reg__72: reg__72
logic__1417: logic__1417
datapath__362: datapath__362
case__415: case__415
datapath__83: datapath__83
logic__2117: logic__10
logic__1526: logic__1526
case__578: case__578
logic__625: logic__625
reg__130: reg__6
case__723: case__723
case__565: case__565
datapath__173: datapath__173
case__190: case__190
case__428: case__428
muxpart__114: muxpart__114
datapath__473: datapath__473
case__53: case__53
datapath__262: datapath__262
datapath__406: datapath__406
datapath__366: datapath__366
reg__17: reg__17
datapath__410: datapath__410
datapath__33: datapath__33
datapath__112: datapath__112
logic__802: logic__802
case__29: case__29
logic__2058: logic__2058
logic__2143: logic__6
case__78: case__78
logic__2022: logic__2022
reg__131: reg__5
datapath__455: datapath__455
case__525: case__525
reg__53: reg__53
datapath__422: datapath__422
logic__2020: logic__2020
case__284: case__284
muxpart__64: muxpart__64
datapath__407: datapath__407
datapath__327: datapath__327
reg__129: reg__7
logic__364: logic__364
logic__690: logic__690
datapath__505: datapath__505
datapath__396: datapath__396
logic__1026: logic__1026
datapath__133: datapath__133
case__405: case__405
datapath__501: datapath__501
logic__1544: logic__1544
logic__129: logic__129
case__771: case__771
logic__143: logic__143
muxpart__108: muxpart__108
keep: keep
case__314: case__314
logic__126: logic__126
case__394: case__394
debounce__3: debounce
case__149: case__149
logic__1699: logic__1699
logic__1884: logic__1884
case__766: case__766
case__686: case__686
datapath__165: datapath__165
muxpart__184: muxpart__184
logic__2101: logic__2101
datapath__62: datapath__62
menu_logic_module: menu_logic_module
reg__97: reg__97
case__577: case__577
case__171: case__171
case__8: case__8
datapath__119: datapath__119
logic__99: logic__99
case__162: case__162
case__640: case__640
logic__615: logic__615
case__19: case__19
case__538: case__538
case__573: case__573
freq_625m: freq_625m
datapath__414: datapath__414
muxpart__125: muxpart__125
case__508: case__508
case__23: case__23
logic__168: logic__168
logic__543: logic__543
datapath__29: datapath__29
datapath__282: datapath__282
case__630: case__630
case__711: case__711
case__92: case__92
datapath__146: datapath__146
case__447: case__447
logic__1124: logic__1124
datapath__187: datapath__187
logic__2069: logic__2069
datapath__200: datapath__200
case__208: case__208
logic__1438: logic__1438
case__666: case__666
dsp48e1__51: dsp48e1__51
datapath__249: datapath__249
case__373: case__373
case__4: case__4
reg__108: reg__108
case__308: case__308
dsp48e1__55: dsp48e1__55
case__474: case__474
case__489: case__489
datapath__417: datapath__417
datapath__127: datapath__127
datapath__367: datapath__367
case__146: case__146
logic__1622: logic__1622
datapath__219: datapath__219
datapath__492: datapath__492
datapath__60: datapath__60
muxpart__4: muxpart__4
logic__1712: logic__1712
logic__240: logic__240
case__408: case__408
datapath__58: datapath__58
logic__183: logic__183
case__283: case__283
datapath__55: datapath__55
reg__47: reg__47
logic__1030: logic__1030
muxpart__10: muxpart__10
logic__83: logic__83
case__552: case__552
logic__447: logic__447
datapath__475: datapath__475
datapath__37: datapath__37
muxpart__69: muxpart__69
case__239: case__239
dsp48e1__52: dsp48e1__52
muxpart__117: muxpart__117
logic__2026: logic__2026
case__300: case__300
datapath__40: datapath__40
case__365: case__365
logic__237: logic__237
case__409: case__409
datapath__481: datapath__481
case__499: case__499
muxpart__48: muxpart__48
datapath__546: datapath__1
rom__2: rom__2
datapath__91: datapath__91
logic__357: logic__357
datapath__335: datapath__335
logic__785: logic__785
logic__719: logic__719
logic__119: logic__119
datapath__105: datapath__105
logic__1284: logic__1284
reg__134: reg__2
case__780: case__780
case__297: case__297
logic__1203: logic__1203
logic__572: logic__572
reg__121: reg__8
logic__391: logic__391
logic__55: logic__55
case__710: case__710
logic__2133: logic__10
datapath__160: datapath__160
logic__1085: logic__1085
case__480: case__480
logic__1425: logic__1425
dsp48e1__67: dsp48e1__67
dsp48e1__10: dsp48e1__10
case__274: case__274
logic__1414: logic__1414
datapath__402: datapath__402
reg__21: reg__21
muxpart__88: muxpart__88
home_screen: home_screen
case__343: case__343
muxpart__54: muxpart__54
datapath__292: datapath__292
case__626: case__626
datapath__38: datapath__38
datapath__426: datapath__426
dsp48e1__8: dsp48e1__8
case__328: case__328
reg__90: reg__90
case__229: case__229
case__724: case__724
case__176: case__176
case__12: case__12
logic__1249: logic__1249
case__388: case__388
logic__1314: logic__1314
logic__843: logic__843
datapath__452: datapath__452
case__549: case__549
counter__2: counter__2
datapath__9: datapath__9
datapath__174: datapath__174
logic__1520: logic__1520
dsp48e1__60: dsp48e1__60
case__651: case__651
logic__1183: logic__1183
datapath__522: datapath__522
logic__414: logic__414
logic__191: logic__191
case__646: case__646
case__524: case__524
logic__701: logic__701
datapath__494: datapath__494
case__141: case__141
logic__2029: logic__2029
case__90: case__90
reg__29: reg__29
logic__1547: logic__1547
logic__1285: logic__1285
logic__1873: logic__1873
logic__1771: logic__1771
reg__5: reg__5
dsp48e1__28: dsp48e1__28
case__362: case__362
datapath__180: datapath__180
logic__1489: logic__1489
case__670: case__670
datapath__152: datapath__152
dsp48e1__11: dsp48e1__11
datapath__195: datapath__195
case__772: case__772
reg__139: reg__4
logic__649: logic__649
case__490: case__490
datapath__408: datapath__408
logic__510: logic__510
datapath__233: datapath__233
case__414: case__414
reg__84: reg__84
case__357: case__357
case__436: case__436
logic__438: logic__438
muxpart__170: muxpart__170
logic__891: logic__891
logic__371: logic__371
logic__2140: logic__14
datapath__380: datapath__380
datapath__459: datapath__459
logic__2025: logic__2025
datapath__521: datapath__521
case__495: case__495
datapath__13: datapath__13
datapath__285: datapath__285
logic__1179: logic__1179
logic__1080: logic__1080
muxpart__172: muxpart__172
reg__59: reg__59
datapath__64: datapath__64
datapath__287: datapath__287
logic__2057: logic__2057
logic__161: logic__161
logic__631: logic__631
datapath__53: datapath__53
datapath__109: datapath__109
case__435: case__435
reg__37: reg__37
datapath__81: datapath__81
logic__1870: logic__1870
logic__1218: logic__1218
reg__113: reg__113
logic__1077: logic__1077
logic__381: logic__381
case__452: case__452
logic__1316: logic__1316
logic__1865: logic__1865
logic__1811: logic__1811
case__633: case__633
logic__1558: logic__1558
case__423: case__423
logic__1894: logic__1894
logic__1462: logic__1462
logic__2127: logic__6
logic__715: logic__715
case__462: case__462
logic__2136: logic__3
logic__817: logic__817
logic__3: logic__3
logic__1108: logic__1108
case__270: case__270
datapath__347: datapath__347
logic__93: logic__93
case__507: case__507
datapath__436: datapath__436
logic__954: logic__954
case__443: case__443
logic__810: logic__810
logic__1195: logic__1195
case__189: case__189
datapath__227: datapath__227
case__530: case__530
logic__1419: logic__1419
case__574: case__574
datapath__132: datapath__132
datapath__194: datapath__194
logic__1373: logic__1373
case__784: case__784
case__650: case__650
logic__373: logic__373
logic__1497: logic__1497
logic__862: logic__862
case__66: case__66
reg__116: reg__6
datapath__519: datapath__519
logic__732: logic__732
datapath__19: datapath__19
logic__1730: logic__1730
logic__1031: logic__1031
logic__182: logic__182
case__777: case__777
case__467: case__467
datapath__356: datapath__356
datapath__511: datapath__511
logic__415: logic__415
logic__1024: logic__1024
logic__481: logic__481
logic__2141: logic__10
case__200: case__200
logic__1543: logic__1543
case__719: case__719
logic__1517: logic__1517
reg__94: reg__94
logic__1226: logic__1226
logic__1173: logic__1173
reg__32: reg__32
logic__2146: logic__1
logic__2138: logic__1
logic__642: logic__642
datapath__294: datapath__294
logic__223: logic__223
case__391: case__391
reg__87: reg__87
case__81: case__81
logic__1472: logic__1472
logic__2030: logic__2030
case__440: case__440
case: case
datapath__239: datapath__239
case__575: case__575
case__225: case__225
keep__4: keep__4
datapath__48: datapath__48
logic__1464: logic__1464
logic__2053: logic__2053
logic__1615: logic__1615
datapath__266: datapath__266
reg__23: reg__23
datapath__528: datapath__528
logic__2031: logic__2031
logic__1972: logic__1972
datapath__320: datapath__320
datapath__281: datapath__281
case__219: case__219
case__55: case__55
logic__2056: logic__2056
case__386: case__386
reg__9: reg__9
logic__15: logic__15
keep__2: keep__2
datapath__449: datapath__449
case__294: case__294
case__164: case__164
reg__96: reg__96
case__761: case__761
datapath__245: datapath__245
dsp48e1__72: dsp48e1__72
muxpart__169: muxpart__169
datapath__376: datapath__376
datapath__516: datapath__516
datapath__134: datapath__134
logic__1790: logic__1790
datapath__500: datapath__500
logic__1257: logic__1257
logic__650: logic__650
logic__580: logic__580
case__592: case__592
case__17: case__17
case__319: case__319
logic__234: logic__234
logic__1119: logic__1119
datapath__206: datapath__206
case__389: case__389
datapath__424: datapath__424
case__673: case__673
logic__1153: logic__1153
maths_game: maths_game
reg__115: reg__7
logic__892: logic__892
logic__276: logic__276
datapath__465: datapath__465
muxpart__38: muxpart__38
logic__380: logic__380
logic__1268: logic__1268
case__160: case__160
logic__1488: logic__1488
case__547: case__547
calculator_fsm: calculator_fsm
datapath__412: datapath__412
logic__975: logic__975
counter__21: counter__1
datapath__203: datapath__203
datapath__267: datapath__267
case__54: case__54
reg__26: reg__26
case__117: case__117
datapath__277: datapath__277
logic__1570: logic__1570
muxpart__16: muxpart__16
datapath__342: datapath__342
logic__651: logic__651
case__102: case__102
datapath__220: datapath__220
datapath__158: datapath__158
case__656: case__656
case__693: case__693
datapath__118: datapath__118
case__147: case__147
logic__1023: logic__1023
datapath__427: datapath__427
datapath__392: datapath__392
logic__1018: logic__1018
case__247: case__247
case__67: case__67
logic__25: logic__25
case__751: case__751
datapath__269: datapath__269
case__645: case__645
logic__1343: logic__1343
logic__20: logic__20
case__84: case__84
logic__1493: logic__1493
datapath__276: datapath__276
logic__497: logic__497
datapath__263: datapath__263
reg__50: reg__50
case__87: case__87
datapath__8: datapath__8
case__632: case__632
logic__2090: logic__2090
datapath__90: datapath__90
dsp48e1__49: dsp48e1__49
dsp48e1__70: dsp48e1__70
datapath__115: datapath__115
case__256: case__256
datapath__102: datapath__102
dsp48e1__29: dsp48e1__29
case__567: case__567
logic__1200: logic__1200
case__475: case__475
logic__1004: logic__1004
dsp48e1__62: dsp48e1__62
datapath__484: datapath__484
logic__494: logic__494
datapath__437: datapath__437
datapath__54: datapath__54
case__383: case__383
logic__487: logic__487
muxpart__120: muxpart__120
logic__1315: logic__1315
dsp48e1__57: dsp48e1__57
muxpart__61: muxpart__61
logic__1738: logic__1738
logic__1451: logic__1451
datapath__415: datapath__415
case__657: case__657
datapath__167: datapath__167
logic__36: logic__36
logic__1430: logic__1430
logic__1017: logic__1017
logic__1644: logic__1644
datapath__354: datapath__354
counter__14: counter__2
datapath__110: datapath__110
case__82: case__82
datapath__318: datapath__318
case__653: case__653
logic__457: logic__457
counter__9: counter__9
logic__1456: logic__1456
case__204: case__204
datapath__142: datapath__142
case__590: case__590
datapath__275: datapath__275
logic__1454: logic__1454
datapath__139: datapath__139
logic__558: logic__558
datapath__385: datapath__385
dsp48e1__24: dsp48e1__24
dsp48e1__16: dsp48e1__16
logic__555: logic__555
reg__2: reg__2
case__154: case__154
logic__45: logic__45
logic__1634: logic__1634
datapath__68: datapath__68
case__134: case__134
datapath__272: datapath__272
case__561: case__561
muxpart__92: muxpart__92
case__21: case__21
case__690: case__690
case__545: case__545
logic__757: logic__757
case__591: case__591
datapath__3: datapath__3
case__234: case__234
case__327: case__327
case__434: case__434
case__419: case__419
logic__104: logic__104
counter__6: counter__6
muxpart__21: muxpart__21
dsp48e1__7: dsp48e1__7
logic__2130: logic__1
case__305: case__305
case__185: case__185
logic__1445: logic__1445
datapath__325: datapath__325
logic__1515: logic__1515
logic__692: logic__692
case__35: case__35
datapath__31: datapath__31
datapath__365: datapath__365
logic__1012: logic__1012
case__358: case__358
datapath__488: datapath__488
datapath__52: datapath__52
datapath__250: datapath__250
case__167: case__167
logic__1084: logic__1084
muxpart__95: muxpart__95
datapath__418: datapath__418
logic__1908: logic__1908
counter__1: counter__1
datapath__297: datapath__297
case__688: case__688
datapath__104: datapath__104
logic__67: logic__67
keypad_screen: keypad_screen
logic__639: logic__639
dsp48e1__26: dsp48e1__26
case__667: case__667
logic__360: logic__360
datapath__387: datapath__387
datapath__255: datapath__255
case__663: case__663
datapath__312: datapath__312
datapath__345: datapath__345
muxpart__192: muxpart__192
datapath__471: datapath__471
datapath__172: datapath__172
datapath__151: datapath__151
logic__120: logic__120
datapath__540: datapath__299
logic__117: logic__117
logic__2139: logic__15
dsp48e1__9: dsp48e1__9
case__46: case__46
graph_plotter__GB1: graph_plotter__GB1
case__484: case__484
case__764: case__764
case__683: case__683
logic__960: logic__960
logic__2012: logic__2012
datapath__316: datapath__316
case__366: case__366
datapath__229: datapath__229
logic__2122: logic__1
case__417: case__417
dsp48e1__22: dsp48e1__22
case__439: case__439
case__196: case__196
case__105: case__105
muxpart__128: muxpart__128
case__621: case__621
case__732: case__732
datapath__311: datapath__311
case__727: case__727
logic__2021: logic__2021
case__426: case__426
datapath__378: datapath__378
datapath__21: datapath__21
dsp48e1__53: dsp48e1__53
muxpart__141: muxpart__141
datapath__65: datapath__65
logic__32: logic__32
logic__584: logic__584
case__118: case__118
case__79: case__79
case__560: case__560
datapath__443: datapath__443
logic__2144: logic__3
logic__160: logic__160
case__476: case__476
logic__1168: logic__1168
rom__1: rom__1
datapath__399: datapath__399
datapath__485: datapath__485
datapath__241: datapath__241
logic__1564: logic__1564
case__497: case__497
datapath__503: datapath__503
case__734: case__734
case__537: case__537
logic__833: logic__833
case__148: case__148
logic__1432: logic__1432
case__69: case__69
datapath__257: datapath__257
muxpart__19: muxpart__19
logic__1351: logic__1351
logic__1654: logic__1654
logic__537: logic__537
case__350: case__350
logic__246: logic__246
datapath__27: datapath__27
case__27: case__27
reg__31: reg__31
case__206: case__206
reg__66: reg__66
debounce__1: debounce
reg__112: reg__112
logic__205: logic__205
case__449: case__449
reg__60: reg__60
case__227: case__227
reg__99: reg__99
muxpart__42: muxpart__42
case__9: case__9
case__636: case__636
case__267: case__267
reg__40: reg__40
logic__726: logic__726
logic__1140: logic__1140
dsp48e1__14: dsp48e1__14
reg__42: reg__42
case__718: case__718
datapath__298: datapath__298
graph_plotter__GB0: graph_plotter__GB0
datapath__100: datapath__100
logic__31: logic__31
case__133: case__133
case__593: case__593
logic__408: logic__408
logic__1253: logic__1253
logic__822: logic__822
logic__507: logic__507
case__43: case__43
case__228: case__228
logic__1076: logic__1076
case__748: case__748
datapath__93: datapath__93
logic__882: logic__882
logic__1600: logic__1600
logic__197: logic__197
logic__1000: logic__1000
logic__525: logic__525
case__33: case__33
logic__75: logic__75
case__543: case__543
datapath__87: datapath__87
case__445: case__445
datapath__236: datapath__236
logic__1096: logic__1096
datapath__86: datapath__86
case__534: case__534
logic__1144: logic__1144
reg__100: reg__100
case__533: case__533
datapath__186: datapath__186
logic__1262: logic__1262
logic__984: logic__984
reg__35: reg__35
datapath__141: datapath__141
case__576: case__576
datapath__419: datapath__419
datapath__122: datapath__122
datapath__254: datapath__254
datapath__372: datapath__372
logic__1434: logic__1434
muxpart__15: muxpart__15
reg__38: reg__38
case__572: case__572
logic__1463: logic__1463
logic__1891: logic__1891
logic__1833: logic__1833
trig_lut: trig_lut
logic__1118: logic__1118
case__359: case__359
muxpart__37: muxpart__37
case__223: case__223
datapath__351: datapath__351
logic__1879: logic__1879
case__5: case__5
datapath__441: datapath__441
case__411: case__411
logic__2068: logic__2068
case__566: case__566
muxpart__194: muxpart__194
logic__1963: logic__1963
case__39: case__39
case__195: case__195
logic__1145: logic__1145
datapath__197: datapath__197
case__158: case__158
logic__704: logic__704
case__128: case__128
case__425: case__425
logic__429: logic__429
reg__49: reg__49
case__266: case__266
case__263: case__263
datapath__129: datapath__129
case__31: case__31
logic__519: logic__519
datapath__89: datapath__89
datapath__458: datapath__458
datapath__42: datapath__42
datapath__252: datapath__252
datapath__526: datapath__526
datapath__116: datapath__116
case__217: case__217
reg__85: reg__85
datapath__405: datapath__405
logic__243: logic__243
case__380: case__380
case__421: case__421
logic__747: logic__747
datapath__154: datapath__154
reg__69: reg__69
case__542: case__542
logic__2065: logic__2065
datapath__398: datapath__398
logic__1028: logic__1028
case__187: case__187
debounce: debounce
logic__2131: logic__15
case__427: case__427
case__120: case__120
logic__610: logic__610
datapath__39: datapath__39
logic__549: logic__549
logic__806: logic__806
case__261: case__261
logic__1310: logic__1310
logic__1911: logic__1911
datapath__63: datapath__63
logic__1252: logic__1252
reg__13: reg__13
logic__432: logic__432
case__412: case__412
case__181: case__181
case__205: case__205
case__178: case__178
logic__566: logic__566
logic__815: logic__815
case__363: case__363
datapath__483: datapath__483
case__77: case__77
case__730: case__730
logic__998: logic__998
reg__104: reg__104
case__371: case__371
case__694: case__694
logic__1261: logic__1261
logic__1883: logic__1883
datapath__103: datapath__103
logic__868: logic__868
datapath__82: datapath__82
reg__65: reg__65
case__775: case__775
logic__9: logic__9
logic__1150: logic__1150
datapath__26: datapath__26
logic__1421: logic__1421
logic__1705: logic__1705
case__422: case__422
datapath__446: datapath__446
logic__1022: logic__1022
datapath__394: datapath__394
logic__1613: logic__1613
muxpart__24: muxpart__24
datapath__442: datapath__442
reg__46: reg__46
case__198: case__198
logic__801: logic__801
reg__80: reg__80
case__676: case__676
datapath__264: datapath__264
logic__1457: logic__1457
reg__122: reg__7
case__725: case__725
datapath__153: datapath__153
muxpart__28: muxpart__28
datapath__349: datapath__349
logic__2099: logic__2099
case__481: case__481
case__311: case__311
logic__1742: logic__1742
logic__1977: logic__1977
logic__1861: logic__1861
datapath__536: datapath__303
logic__983: logic__983
case__619: case__619
datapath__305: datapath__305
logic__2109: logic__1421
rom: rom
datapath__304: datapath__304
muxpart__33: muxpart__33
logic__169: logic__169
case__517: case__517
datapath__457: datapath__457
logic__1347: logic__1347
datapath__390: datapath__390
datapath__145: datapath__145
case__236: case__236
logic__2028: logic__2028
dsp48e1: dsp48e1
case__111: case__111
case__180: case__180
case__203: case__203
case__637: case__637
muxpart__111: muxpart__111
dsp48e1__35: dsp48e1__35
logic__621: logic__621
logic__1317: logic__1317
datapath__149: datapath__149
logic__14: logic__14
logic__808: logic__808
case__186: case__186
muxpart__100: muxpart__100
datapath__339: datapath__339
logic__1594: logic__1594
keep__1: keep__1
logic__1444: logic__1444
dsp48e1__15: dsp48e1__15
case__399: case__399
logic__1839: logic__1839
case__73: case__73
reg__48: reg__48
datapath__290: datapath__290
logic__578: logic__578
datapath__205: datapath__205
case__585: case__585
muxpart__23: muxpart__23
case__62: case__62
logic__2121: logic__2
case__299: case__299
case__169: case__169
dsp48e1__61: dsp48e1__61
case__161: case__161
datapath__46: datapath__46
logic__995: logic__995
logic__588: logic__588
case__768: case__768
datapath__113: datapath__113
case__787: case__512
logic__1247: logic__1247
case__153: case__153
case__397: case__397
case__536: case__536
case__93: case__93
datapath__268: datapath__268
case__321: case__321
reg: reg
case__34: case__34
logic__506: logic__506
case__644: case__644
case__293: case__293
datapath__1: datapath__1
datapath__80: datapath__80
logic__1507: logic__1507
logic__1546: logic__1546
logic__1032: logic__1032
case__106: case__106
datapath__126: datapath__126
datapath__138: datapath__138
datapath__538: datapath__301
logic__811: logic__811
case__136: case__136
datapath__478: datapath__478
case__741: case__741
logic__413: logic__413
counter__3: counter__3
logic__40: logic__40
datapath__413: datapath__413
case__47: case__47
case__323: case__323
case__318: case__318
datapath__286: datapath__286
logic__2124: logic__14
case__22: case__22
case__493: case__493
case__679: case__679
case__216: case__216
counter__5: counter__5
datapath__59: datapath__59
logic__599: logic__599
logic__1342: logic__1342
case__623: case__623
logic__821: logic__821
datapath__123: datapath__123
datapath__435: datapath__435
logic__400: logic__400
logic__96: logic__96
case__511: case__511
logic__1062: logic__1062
datapath__92: datapath__92
logic__122: logic__122
case__355: case__355
logic__805: logic__805
case__75: case__75
case__786: case__513
debounce__2: debounce
case__571: case__571
datapath__539: datapath__300
reg__3: reg__3
logic__302: logic__302
logic__1232: logic__1232
case__703: case__703
logic__187: logic__187
logic__989: logic__989
datapath__547: datapath__2
logic__19: logic__19
muxpart__44: muxpart__44
case__582: case__582
reg__120: reg__2
muxpart__3: muxpart__3
logic__1227: logic__1227
datapath__440: datapath__440
logic__866: logic__866
muxpart__35: muxpart__35
dual_oled_calculator_pixel: dual_oled_calculator_pixel
dsp48e1__17: dsp48e1__17
logic__797: logic__797
logic__365: logic__365
logic__982: logic__982
case__620: case__620
case__701: case__701
case__563: case__563
case__669: case__669
datapath__237: datapath__237
case__32: case__32
logic__118: logic__118
case__551: case__551
case__83: case__83
case__144: case__144
logic__162: logic__162
logic__212: logic__212
counter__11: counter__2
case__482: case__482
logic__2115: logic__15
case__779: case__779
datapath__482: datapath__482
case__172: case__172
case__729: case__729
case__792: case__507
muxpart__57: muxpart__57
case__101: case__101
muxpart__53: muxpart__53
datapath__535: datapath__304
logic__1184: logic__1184
datapath__131: datapath__131
datapath__22: datapath__22
logic__720: logic__720
datapath__300: datapath__300
logic__474: logic__474
logic__167: logic__167
muxpart__12: muxpart__12
logic__1655: logic__1655
datapath__164: datapath__164
datapath__51: datapath__51
reg__55: reg__55
logic__976: logic__976
logic__501: logic__501
case__16: case__16
logic__1248: logic__1248
datapath__232: datapath__232
logic__136: logic__136
graphing_calculator_top__GC0: graphing_calculator_top__GC0
datapath__36: datapath__36
logic__1082: logic__1082
case__275: case__275
case__159: case__159
logic__1854: logic__1854
datapath__178: datapath__178
logic__1182: logic__1182
logic__585: logic__585
datapath__303: datapath__303
datapath__97: datapath__97
logic__804: logic__804
logic__858: logic__858
reg__52: reg__52
logic__399: logic__399
logic__1016: logic__1016
logic__1461: logic__1461
datapath__242: datapath__242
case__744: case__744
datapath__226: datapath__226
reg__19: reg__19
case__453: case__453
case__378: case__378
reg__27: reg__27
logic__394: logic__394
logic__2067: logic__2067
logic__1803: logic__1803
case__15: case__15
case__776: case__776
logic__1060: logic__1060
reg__135: reg__8
logic__936: logic__936
case__486: case__486
reg__126: reg__3
logic__766: logic__766
logic__1830: logic__1830
case__220: case__220
case__390: case__390
case__215: case__215
logic__1611: logic__1611
datapath__199: datapath__199
case__291: case__291
case__89: case__89
logic__814: logic__814
logic__1606: logic__1606
reg__14: reg__14
logic__1796: logic__1796
case__491: case__491
case__312: case__312
case__257: case__257
logic__84: logic__84
logic__2064: logic__2064
case__329: case__329
reg__79: reg__79
logic__368: logic__368
datapath__343: datapath__343
reg__128: reg__8
logic__847: logic__847
logic__135: logic__135
logic__792: logic__792
case__584: case__584
case__456: case__456
muxpart__85: muxpart__85
reg__81: reg__81
datapath__383: datapath__383
case__301: case__301
pixel_output_state_graph_menu: pixel_output_state_graph_menu
case__714: case__714
muxpart__140: muxpart__140
datapath__117: datapath__117
reg__33: reg__33
case__713: case__713
datapath__353: datapath__353
logic__1713: logic__1713
datapath__221: datapath__221
datapath__225: datapath__225
logic__1523: logic__1523
case__464: case__464
case__717: case__717
case__116: case__116
muxpart__26: muxpart__26
logic__1029: logic__1029
reg__102: reg__102
datapath__137: datapath__137
case__541: case__541
logic__194: logic__194
datapath__130: datapath__130
muxpart__164: muxpart__164
reg__75: reg__75
logic__1443: logic__1443
case__320: case__320
dsp48e1__36: dsp48e1__36
case__326: case__326
reg__30: reg__30
datapath: datapath
datapath__348: datapath__348
case__207: case__207
datapath__377: datapath__377
dsp48e1__38: dsp48e1__38
case__304: case__304
reg__103: reg__103
logic__1033: logic__1033
datapath__533: datapath__306
muxpart__121: muxpart__121
logic__1402: logic__1402
case__361: case__361
logic__1862: logic__1862
logic: logic
datapath__192: datapath__192
muxpart__127: muxpart__127
datapath__44: datapath__44
case__402: case__402
case__360: case__360
case__692: case__692
case__30: case__30
datapath__7: datapath__7
logic__825: logic__825
case__672: case__672
logic__2116: logic__14
logic__1799: logic__1799
case__498: case__498
logic__988: logic__988
case__282: case__282
datapath__78: datapath__78
logic__1001: logic__1001
case__662: case__662
datapath__150: datapath__150
logic__618: logic__618
case__337: case__337
case__24: case__24
case__110: case__110
case__97: case__97
datapath__96: datapath__96
case__515: case__515
logic__1645: logic__1645
extrom: extrom
logic__1123: logic__1123
datapath__352: datapath__352
case__237: case__237
logic__1274: logic__1274
case__523: case__523
datapath__314: datapath__314
case__107: case__107
logic__1149: logic__1149
case__503: case__503
logic__2096: logic__2096
case__648: case__648
logic__484: logic__484
dsp48e1__50: dsp48e1__50
case__588: case__588
datapath__114: datapath__114
dsp48e1__43: dsp48e1__43
logic__1101: logic__1101
dsp48e1__54: dsp48e1__54
case__581: case__581
datapath__5: datapath__5
case__44: case__44
datapath__4: datapath__4
datapath__364: datapath__364
case__214: case__214
logic__896: logic__896
logic__1982: logic__1982
datapath__144: datapath__144
case__1: case__1
logic__978: logic__978
case__280: case__280
case__56: case__56
case__513: case__513
case__184: case__184
datapath__384: datapath__384
case__336: case__336
logic__39: logic__39
datapath__429: datapath__429
logic__2047: logic__2047
datapath__189: datapath__189
datapath__447: datapath__447
datapath__223: datapath__223
case__682: case__682
logic__1714: logic__1714
logic__1618: logic__1618
muxpart__59: muxpart__59
logic__944: logic__944
datapath__404: datapath__404
case__115: case__115
logic__953: logic__953
datapath__17: datapath__17
case__298: case__298
case__788: case__511
case__546: case__546
datapath__193: datapath__193
dsp48e1__37: dsp48e1__37
datapath__334: datapath__334
datapath__324: datapath__324
case__145: case__145
muxpart__203: muxpart__136
logic__876: logic__876
case__246: case__246
case__218: case__218
datapath__147: datapath__147
logic__2123: logic__15
logic__1718: logic__1718
datapath__423: datapath__423
logic__6: logic__6
datapath__155: datapath__155
datapath__359: datapath__359
logic__1151: logic__1151
equation_display: equation_display
datapath__16: datapath__16
case__140: case__140
datapath__224: datapath__224
datapath__509: datapath__509
case__791: case__508
logic__1025: logic__1025
logic__592: logic__592
datapath__273: datapath__273
datapath__541: datapath__298
logic__37: logic__37
case__516: case__516
case__570: case__570
logic__602: logic__602
logic__1169: logic__1169
logic__26: logic__26
case__455: case__455
case__438: case__438
logic__1396: logic__1396
case__334: case__334
logic__1827: logic__1827
logic__1007: logic__1007
muxpart__18: muxpart__18
case__177: case__177
case__376: case__376
dsp48e1__18: dsp48e1__18
case__170: case__170
datapath__328: datapath__328
case__258: case__258
logic__796: logic__796
reg__58: reg__58
case__353: case__353
counter__4: counter__4
datapath__476: datapath__476
logic__738: logic__738
dsp48e1__13: dsp48e1__13
case__668: case__668
logic__144: logic__144
datapath__35: datapath__35
case__403: case__403
dsp48e1__3: dsp48e1__3
logic__1181: logic__1181
case__127: case__127
logic__716: logic__716
reg__63: reg__63
logic__1512: logic__1512
logic__828: logic__828
reg__123: reg__6
datapath__156: datapath__156
text_display: text_display
datapath__201: datapath__201
logic__1055: logic__1055
case__51: case__51
datapath__315: datapath__315
logic__1794: logic__1794
logic__987: logic__987
logic__1002: logic__1002
reg__119: reg__3
case__594: case__594
case__201: case__201
datapath__107: datapath__107
reg__10: reg__10
datapath__253: datapath__253
datapath__393: datapath__393
datapath__520: datapath__520
case__58: case__58
counter__19: counter
case__96: case__96
logic__855: logic__855
dsp48e1__23: dsp48e1__23
datapath__363: datapath__363
case__677: case__677
muxpart__62: muxpart__62
datapath__198: datapath__198
reg__86: reg__86
reg__73: reg__73
case__774: case__774
case__564: case__564
datapath__136: datapath__136
muxpart__22: muxpart__22
logic__1332: logic__1332
datapath__434: datapath__434
