Copyright 1986-2018 Xilinx, Inc. All Rights Reserved.
-------------------------------------------------------------------------------------------
| Tool Version : Vivado v.2018.2 (win64) Build 2258646 Thu Jun 14 20:03:12 MDT 2018
| Date         : Tue Oct 14 13:11:08 2025
| Host         : Akshay running 64-bit major release  (build 9200)
| Command      : report_control_sets -verbose -file Equations_mode_control_sets_placed.rpt
| Design       : Equations_mode
| Device       : xc7a35t
-------------------------------------------------------------------------------------------

Control Set Information

Table of Contents
-----------------
1. Summary
2. Histogram
3. Flip-Flop Distribution
4. Detailed Control Set Information

1. Summary
----------

+----------------------------------------------------------+-------+
|                          Status                          | Count |
+----------------------------------------------------------+-------+
| Number of unique control sets                            |    54 |
| Unused register locations in slices containing registers |    96 |
+----------------------------------------------------------+-------+


2. Histogram
------------

+--------+--------------+
| Fanout | Control Sets |
+--------+--------------+
|      2 |            1 |
|      8 |           12 |
|     14 |            2 |
|    16+ |           39 |
+--------+--------------+


3. Flip-Flop Distribution
-------------------------

+--------------+-----------------------+------------------------+-----------------+--------------+
| Clock Enable | Synchronous Set/Reset | Asynchronous Set/Reset | Total Registers | Total Slices |
+--------------+-----------------------+------------------------+-----------------+--------------+
| No           | No                    | No                     |             102 |           26 |
| No           | No                    | Yes                    |             114 |           20 |
| No           | Yes                   | No                     |             788 |          149 |
| Yes          | No                    | No                     |              66 |            9 |
| Yes          | No                    | Yes                    |               0 |            0 |
| Yes          | Yes                   | No                     |             546 |           96 |
+--------------+-----------------------+------------------------+-----------------+--------------+


4. Detailed Control Set Information
-----------------------------------

+-----------------+-----------------------------------------------------------------------+-----------------------------------------------------------------------+------------------+----------------+
|   Clock Signal  |                             Enable Signal                             |                            Set/Reset Signal                           | Slice Load Count | Bel Load Count |
+-----------------+-----------------------------------------------------------------------+-----------------------------------------------------------------------+------------------+----------------+
| ~clk_6p25M_BUFG |                                                                       |                                                                       |                1 |              2 |
|  clk_IBUF_BUFG  | quadratic_inst/digit_b[2][3]_i_1_n_0                                  | deb_C/reset_trigger_p                                                 |                1 |              8 |
|  clk_IBUF_BUFG  | quadratic_inst/digit_c[2][3]_i_1_n_0                                  | deb_C/reset_trigger_p                                                 |                1 |              8 |
|  clk_IBUF_BUFG  | quadratic_inst/digit_b[1][3]_i_1_n_0                                  | deb_C/reset_trigger_p                                                 |                2 |              8 |
|  clk_IBUF_BUFG  | quadratic_inst/digit_c[1][3]_i_1_n_0                                  | deb_C/reset_trigger_p                                                 |                1 |              8 |
|  clk_IBUF_BUFG  | quadratic_inst/digit_a[0][3]_i_1_n_0                                  | deb_C/reset_trigger_p                                                 |                1 |              8 |
|  clk_IBUF_BUFG  | quadratic_inst/digit_a[1][3]_i_1_n_0                                  | deb_C/reset_trigger_p                                                 |                1 |              8 |
|  clk_IBUF_BUFG  | quadratic_inst/digit_a[2][3]_i_1_n_0                                  | deb_C/reset_trigger_p                                                 |                1 |              8 |
|  clk_IBUF_BUFG  | quadratic_inst/digit_c[0][3]_i_1_n_0                                  | deb_C/reset_trigger_p                                                 |                1 |              8 |
|  clk_IBUF_BUFG  |                                                                       | mouse_inst/i_mouse_ctl/Inst_Ps2Interface/data_inter0                  |                1 |              8 |
|  clk_IBUF_BUFG  |                                                                       | mouse_inst/i_mouse_ctl/Inst_Ps2Interface/clk_inter0                   |                1 |              8 |
|  clk_IBUF_BUFG  | mouse_inst/i_mouse_ctl/Inst_Ps2Interface/shift_frame                  | mouse_inst/i_mouse_ctl/Inst_Ps2Interface/reset_bit_count              |                2 |              8 |
|  clk_IBUF_BUFG  | quadratic_inst/digit_b[0][3]_i_1_n_0                                  | deb_C/reset_trigger_p                                                 |                1 |              8 |
|  clk_IBUF_BUFG  | deb_C/OPMODE[0]                                                       |                                                                       |                3 |             14 |
|  clk_IBUF_BUFG  | mouse_inst/i_mouse_ctl/Inst_Ps2Interface/delay_63clk_count[6]_i_2_n_0 | mouse_inst/i_mouse_ctl/Inst_Ps2Interface/delay_63clk_count[6]_i_1_n_0 |                2 |             14 |
|  clk_IBUF_BUFG  | deb_L/pulse_counter                                                   | deb_L/debounce_counter                                                |                3 |             16 |
|  clk_IBUF_BUFG  | deb_U/debounce_counter[7]_i_2__1_n_0                                  | deb_U/debounce_counter                                                |                3 |             16 |
|  clk_IBUF_BUFG  | deb_U/pulse_counter                                                   | deb_U/debounce_counter                                                |                2 |             16 |
|  clk_IBUF_BUFG  | deb_R/pulse_counter                                                   | deb_R/debounce_counter                                                |                2 |             16 |
|  clk_IBUF_BUFG  | deb_R/debounce_counter[7]_i_2__3_n_0                                  | deb_R/debounce_counter                                                |                3 |             16 |
|  clk_IBUF_BUFG  | deb_L/debounce_counter[7]_i_2__2_n_0                                  | deb_L/debounce_counter                                                |                3 |             16 |
|  clk_IBUF_BUFG  | deb_D/pulse_counter                                                   | deb_D/debounce_counter                                                |                2 |             16 |
|  clk_IBUF_BUFG  | deb_D/debounce_counter[7]_i_2__0_n_0                                  | deb_D/debounce_counter                                                |                2 |             16 |
|  clk_IBUF_BUFG  | deb_C/pulse_counter                                                   | deb_C/debounce_counter                                                |                2 |             16 |
|  clk_IBUF_BUFG  | mouse_inst/i_mouse_ctl/tx_data[7]_i_1_n_0                             |                                                                       |                2 |             16 |
|  clk_IBUF_BUFG  | deb_C/debounce_counter[7]_i_2_n_0                                     | deb_C/debounce_counter                                                |                3 |             16 |
|  clk_IBUF_BUFG  | mouse_inst/i_mouse_ctl/Inst_Ps2Interface/load_rx_data                 |                                                                       |                2 |             16 |
|  clk_IBUF_BUFG  | quadratic_inst/switches_prev                                          | deb_C/reset_trigger_p                                                 |                3 |             20 |
|  clk_IBUF_BUFG  | mouse_inst/i_mouse_ctl/Inst_Ps2Interface/frame[9]_i_1_n_0             |                                                                       |                2 |             20 |
|  clk_IBUF_BUFG  | quadratic_inst/switches_stable                                        | deb_C/reset_trigger_p                                                 |                3 |             20 |
|  clk_IBUF_BUFG  | mouse_inst/i_mouse_ctl/Inst_Ps2Interface/delay_20us_count[10]_i_2_n_0 | mouse_inst/i_mouse_ctl/Inst_Ps2Interface/delay_20us_count[10]_i_1_n_0 |                5 |             22 |
|  clk_IBUF_BUFG  | quadratic_inst/coeff_a[10]_i_1_n_0                                    | deb_C/reset_trigger_p                                                 |                6 |             22 |
|  clk_IBUF_BUFG  | quadratic_inst/coeff_b[10]_i_1_n_0                                    | deb_C/reset_trigger_p                                                 |                8 |             22 |
|  clk_IBUF_BUFG  | quadratic_inst/coeff_c[10]_i_1_n_0                                    | deb_C/reset_trigger_p                                                 |                7 |             22 |
|  clk_6p25M_BUFG |                                                                       |                                                                       |                6 |             24 |
|  clk_IBUF_BUFG  | mouse_inst/i_mouse_ctl/Inst_Ps2Interface/delay_100us_count[0]_i_2_n_0 | mouse_inst/i_mouse_ctl/Inst_Ps2Interface/clear                        |                4 |             28 |
|  clk_IBUF_BUFG  | quadratic_inst/debounce_counter                                       | quadratic_inst/debounce_counter[0]_i_1__4_n_0                         |                4 |             32 |
|  clk_6p25M_BUFG |                                                                       | quadratic_inst/solver_inst/p_1_out[15]                                |               16 |             32 |
|  clk_IBUF_BUFG  |                                                                       | deb_U/clear                                                           |                5 |             34 |
|  clk_IBUF_BUFG  |                                                                       | deb_R/clear                                                           |                5 |             34 |
|  clk_IBUF_BUFG  |                                                                       | deb_L/clear                                                           |                5 |             34 |
|  clk_IBUF_BUFG  |                                                                       | deb_D/clear                                                           |                5 |             34 |
|  clk_IBUF_BUFG  |                                                                       | deb_C/clear                                                           |                5 |             34 |
| ~clk_6p25M_BUFG |                                                                       | deb_C/reset_trigger_p                                                 |                4 |             34 |
| ~clk_6p25M_BUFG | oled_inst/delay[0]_i_1_n_0                                            | deb_C/reset_trigger_p                                                 |                5 |             40 |
|  clk_IBUF_BUFG  |                                                                       | mouse_inst/i_mouse_ctl/reset_timeout_cnt                              |                5 |             48 |
|  clk_IBUF_BUFG  |                                                                       | mouse_inst/i_mouse_ctl/reset_periodic_check_cnt                       |                7 |             52 |
| ~clk_6p25M_BUFG | oled_inst/state                                                       | deb_C/reset_trigger_p                                                 |               12 |             64 |
|  clk_IBUF_BUFG  |                                                                       | clk_6p25M_gen/clear                                                   |                8 |             64 |
|  clk_IBUF_BUFG  |                                                                       |                                                                       |               19 |             76 |
| ~clk_6p25M_BUFG |                                                                       | oled_inst/spi_word[39]_i_1_n_0                                        |               15 |             90 |
|  clk_6p25M_BUFG |                                                                       | quadratic_inst/solver_inst/x2                                         |               27 |            128 |
|  clk_6p25M_BUFG |                                                                       | deb_C/reset_trigger_p                                                 |               31 |            130 |
|  clk_IBUF_BUFG  |                                                                       | deb_C/reset_trigger_p                                                 |               29 |            138 |
+-----------------+-----------------------------------------------------------------------+-----------------------------------------------------------------------+------------------+----------------+


