Copyright 1986-2018 Xilinx, Inc. All Rights Reserved.
----------------------------------------------------------------------------------------
| Tool Version : Vivado v.2018.2 (win64) Build 2258646 Thu Jun 14 20:03:12 MDT 2018
| Date         : Thu Nov  6 16:15:40 2025
| Host         : dorn_laptop running 64-bit major release  (build 9200)
| Command      : report_control_sets -verbose -file project_top_control_sets_placed.rpt
| Design       : project_top
| Device       : xc7a35t
----------------------------------------------------------------------------------------

Control Set Information

Table of Contents
-----------------
1. Summary
2. Histogram
3. Flip-Flop Distribution
4. Detailed Control Set Information

1. Summary
----------

+----------------------------------------------------------+-------+
|                          Status                          | Count |
+----------------------------------------------------------+-------+
| Number of unique control sets                            |    68 |
| Unused register locations in slices containing registers |   186 |
+----------------------------------------------------------+-------+


2. Histogram
------------

+--------+--------------+
| Fanout | Control Sets |
+--------+--------------+
|      4 |            2 |
|      6 |            1 |
|      8 |            4 |
|     10 |            3 |
|     12 |            8 |
|     14 |            1 |
|    16+ |           49 |
+--------+--------------+


3. Flip-Flop Distribution
-------------------------

+--------------+-----------------------+------------------------+-----------------+--------------+
| Clock Enable | Synchronous Set/Reset | Asynchronous Set/Reset | Total Registers | Total Slices |
+--------------+-----------------------+------------------------+-----------------+--------------+
| No           | No                    | No                     |             110 |           40 |
| No           | No                    | Yes                    |              62 |           10 |
| No           | Yes                   | No                     |             586 |          107 |
| Yes          | No                    | No                     |             276 |           48 |
| Yes          | No                    | Yes                    |             496 |          132 |
| Yes          | Yes                   | No                     |             732 |          154 |
+--------------+-----------------------+------------------------+-----------------+--------------+


4. Detailed Control Set Information
-----------------------------------

+------------------------------+---------------------------------------------------+--------------------------------------------------------+------------------+----------------+
|         Clock Signal         |                   Enable Signal                   |                    Set/Reset Signal                    | Slice Load Count | Bel Load Count |
+------------------------------+---------------------------------------------------+--------------------------------------------------------+------------------+----------------+
|  c1/CLK                      |                                                   |                                                        |                1 |              4 |
|  f2/clk_anode_gen/slow_clock |                                                   |                                                        |                2 |              4 |
| ~freq625m_BUFG               |                                                   |                                                        |                3 |              6 |
|  clk_IBUF_BUFG               | f1/keypad_inst/btnC_edge_filtered                 | f1/equation_input_inst/g1_poly_coeff_b_reg[7]_rep__8_0 |                1 |              8 |
|  freq625m_BUFG               | f_calc/fsm/numpad_selection_out[3]_i_2_n_0        | f_calc/fsm/multer/SR[0]                                |                3 |              8 |
|  clk_IBUF_BUFG               | f2/game_logic/prev_question_reg[0]                | b0/d1/btnUD_game                                       |                1 |              8 |
|  clk_IBUF_BUFG               | f2/game_logic/question_num[3]_i_1_n_0             | b0/d1/btnUD_game                                       |                2 |              8 |
|  clk_IBUF_BUFG               | f2/game_logic/timer_count[4]_i_2_n_0              | b0/d1/btnUD_game                                       |                3 |             10 |
|  freq625m_BUFG               |                                                   |                                                        |                4 |             10 |
|  clk_IBUF_BUFG               |                                                   | c0/ctr[4]_i_1_n_0                                      |                1 |             10 |
|  clk_IBUF_BUFG               | f1/equation_input_inst/g2_cos_coeff_a[7]_i_1_n_0  | f1/equation_input_inst/g1_poly_coeff_b_reg[7]_rep__8_0 |                5 |             12 |
|  clk_IBUF_BUFG               | f1/equation_input_inst/g2_poly_coeff_c[7]_i_1_n_0 | f1/equation_input_inst/g1_poly_coeff_b_reg[7]_rep__8_0 |                4 |             12 |
|  clk_IBUF_BUFG               | f1/equation_input_inst/g2_sin_coeff_a[7]_i_1_n_0  | f1/equation_input_inst/g1_poly_coeff_b_reg[7]_rep__8_0 |                3 |             12 |
|  clk_IBUF_BUFG               | f1/equation_input_inst/g1_cos_coeff_a[7]_i_1_n_0  | f1/equation_input_inst/g1_poly_coeff_b_reg[7]_rep__8_0 |                4 |             12 |
|  clk_IBUF_BUFG               | f1/keypad_inst/E[0]                               | f1/equation_input_inst/g1_poly_coeff_b_reg[7]_rep__8_0 |                2 |             12 |
|  clk_IBUF_BUFG               | f1/equation_input_inst/temp_coeff124_out          | f1/equation_input_inst/g1_poly_coeff_b_reg[7]_rep__8_0 |                2 |             12 |
|  clk_IBUF_BUFG               | f1/equation_input_inst/g1_poly_coeff_c[7]_i_1_n_0 | f1/equation_input_inst/g1_poly_coeff_b_reg[7]_rep__8_0 |                2 |             12 |
|  clk_IBUF_BUFG               | f1/equation_input_inst/g1_sin_coeff_a[7]_i_1_n_0  | f1/equation_input_inst/g1_poly_coeff_b_reg[7]_rep__8_0 |                3 |             12 |
|  freq625m_BUFG               |                                                   | f_calc/fsm/multer/SR[0]                                |                4 |             14 |
|  clk_IBUF_BUFG               | b0/d3/debounce_counter[7]_i_2__2_n_0              | b0/d3/debounce_counter                                 |                2 |             16 |
|  clk_IBUF_BUFG               | b0/d4/debounce_counter[7]_i_2__3_n_0              | b0/d4/debounce_counter                                 |                3 |             16 |
|  clk_IBUF_BUFG               | b0/d4/pulse_counter                               | b0/d4/debounce_counter                                 |                2 |             16 |
|  clk_IBUF_BUFG               | b0/d1/debounce_counter[7]_i_2__0_n_0              | b0/d1/debounce_counter                                 |                2 |             16 |
|  clk_IBUF_BUFG               | g1/disp_line0_d1_reg[0][0]                        |                                                        |                8 |             16 |
|  clk_IBUF_BUFG               | g1/sol_x_reg[0][7][0]                             | f1/equation_input_inst/g1_poly_coeff_b_reg[7]_rep__8_0 |                5 |             16 |
|  clk_IBUF_BUFG               | b0/d0/pulse_counter                               | b0/d0/debounce_counter                                 |                2 |             16 |
|  clk_IBUF_BUFG               | b0/d0/debounce_counter[7]_i_2_n_0                 | b0/d0/debounce_counter                                 |                3 |             16 |
|  clk_IBUF_BUFG               | b0/d1/pulse_counter                               | b0/d1/debounce_counter                                 |                2 |             16 |
|  clk_IBUF_BUFG               | b0/d2/debounce_counter[7]_i_2__1_n_0              | b0/d2/debounce_counter                                 |                3 |             16 |
|  clk_IBUF_BUFG               | b0/d2/pulse_counter                               | b0/d2/debounce_counter                                 |                3 |             16 |
|  clk_IBUF_BUFG               | b0/d3/pulse_counter                               | b0/d3/debounce_counter                                 |                2 |             16 |
|  clk_IBUF_BUFG               | g1/E[0]                                           | f1/equation_input_inst/g1_poly_coeff_b_reg[7]_rep__8_0 |                7 |             18 |
|  clk_IBUF_BUFG               | f2/game_logic/prev_score_reg[0][0]                | b0/d1/btnUD_game                                       |                4 |             20 |
|  clk_IBUF_BUFG               | f2/game_logic/score[9]_i_1_n_0                    | b0/d1/btnUD_game                                       |                5 |             20 |
|  freq625m_BUFG               | f2/game_logic/E[0]                                |                                                        |                5 |             20 |
|  clk_IBUF_BUFG               | f_calc/fsm/multer/power_on_reset                  |                                                        |                4 |             32 |
| ~freq625m_BUFG               |                                                   | g0/frame_counter[16]_i_1__0_n_0                        |                4 |             32 |
|  clk_IBUF_BUFG               |                                                   | b0/d0/clear                                            |                5 |             34 |
|  clk_IBUF_BUFG               |                                                   | b0/d1/tick_1ms_i_1__0_n_0                              |                5 |             34 |
|  clk_IBUF_BUFG               |                                                   | b0/d1/btnUD_game                                       |               11 |             34 |
|  clk_IBUF_BUFG               |                                                   | b0/d2/tick_1ms_i_1__1_n_0                              |                5 |             34 |
|  clk_IBUF_BUFG               |                                                   | b0/d3/tick_1ms_i_1__2_n_0                              |                5 |             34 |
|  clk_IBUF_BUFG               |                                                   | b0/d4/tick_1ms_i_1__3_n_0                              |                5 |             34 |
|  freq625m_BUFG               | f_calc/fsm/multer/E[0]                            | f_calc/fsm/multer/SR[0]                                |                7 |             34 |
|  freq625m_BUFG               | f_calc/fsm/multer/num_3_1[0]                      | f_calc/fsm/multer/SR[0]                                |                8 |             34 |
|  freq625m_BUFG               | f_calc/fsm/multer/num_3_0[0]                      | f_calc/fsm/multer/SR[0]                                |                8 |             34 |
| ~freq625m_BUFG               |                                                   | g1/frame_counter[16]_i_1_n_0                           |                5 |             34 |
|  clk_IBUF_BUFG               | g1/solver_done                                    | f1/equation_input_inst/g1_poly_coeff_b_reg[7]_rep__8_0 |               13 |             36 |
|  clk_IBUF_BUFG               |                                                   | c1/slow_clk                                            |                5 |             38 |
| ~freq625m_BUFG               | g1/delay[0]_i_1_n_0                               |                                                        |                5 |             40 |
|  freq625m_BUFG               | f_calc/fsm/result_out[19]_i_1_n_0                 | f_calc/fsm/multer/SR[0]                                |                8 |             40 |
| ~freq625m_BUFG               | g0/delay[0]_i_1__0_n_0                            |                                                        |                5 |             40 |
|  clk_IBUF_BUFG               | f2/flash_active_reg_n_0                           | f2/game_logic/flash_counter                            |                6 |             48 |
|  clk_IBUF_BUFG               | f2/game_logic/button_cooldown[23]_i_1_n_0         | b0/d1/btnUD_game                                       |                5 |             48 |
|  clk_IBUF_BUFG               | f2/game_logic/clk_divider[26]_i_1_n_0             | b0/d1/btnUD_game                                       |                9 |             54 |
|  clk_IBUF_BUFG               | f2/game_logic/pause_counter[26]_i_1_n_0           | b0/d1/btnUD_game                                       |               14 |             54 |
|  clk_IBUF_BUFG               |                                                   | f2/clk_anode_gen/clear                                 |                8 |             64 |
| ~freq625m_BUFG               | g0/FSM_onehot_state[31]_i_1__0_n_0                |                                                        |               12 |             64 |
| ~freq625m_BUFG               | g1/FSM_onehot_state[31]_i_1_n_0                   |                                                        |                9 |             64 |
|  clk_IBUF_BUFG               |                                                   | f1/equation_input_inst/g1_poly_coeff_b_reg[7]_rep__8_0 |               14 |             72 |
|  clk_IBUF_BUFG               | f1/equation_input_inst/g2_poly_coeff_a[7]_i_1_n_0 | f1/equation_input_inst/g1_poly_coeff_b_reg[7]_rep__8_0 |               24 |             78 |
|  clk_IBUF_BUFG               | f1/equation_input_inst/disp_line1_d5_reg[3]_2[0]  | f1/equation_input_inst/g1_poly_coeff_b_reg[7]_rep__8_0 |               22 |             82 |
|  clk_IBUF_BUFG               |                                                   |                                                        |               30 |             86 |
| ~freq625m_BUFG               |                                                   | g1/spi_word[39]_i_1_n_0                                |               19 |             90 |
| ~freq625m_BUFG               |                                                   | g0/spi_word[39]_i_1__0_n_0                             |               21 |             90 |
|  clk_IBUF_BUFG               | f1/equation_input_inst/g1_poly_coeff_a[7]_i_1_n_0 | f1/equation_input_inst/g1_poly_coeff_b_reg[7]_rep__8_0 |               28 |             92 |
|  clk_IBUF_BUFG               | f1/equation_input_inst/g2_poly_coeff_b[7]_i_1_n_0 | f1/equation_input_inst/g1_poly_coeff_b_reg[7]_rep__8_0 |               24 |            100 |
|  clk_IBUF_BUFG               | f1/equation_input_inst/g1_poly_coeff_b[7]_i_1_n_0 | f1/equation_input_inst/g1_poly_coeff_b_reg[7]_rep__8_0 |               30 |            122 |
+------------------------------+---------------------------------------------------+--------------------------------------------------------+------------------+----------------+


